Archive member included to satisfy reference by file (symbol)

C:\Users\TRETEC\STM32CubeIDE\workspace_1.19.0\DSP2025\Drivers\CMSIS\Lib\GCC\libarm_cortexM4lf_math.a(arm_power_f32.o)
                              ./Core/Src/main.o (arm_power_f32)
C:\Users\TRETEC\STM32CubeIDE\workspace_1.19.0\DSP2025\Drivers\CMSIS\Lib\GCC\libarm_cortexM4lf_math.a(arm_fir_init_f32.o)
                              ./Core/Src/main.o (arm_fir_init_f32)
C:\Users\TRETEC\STM32CubeIDE\workspace_1.19.0\DSP2025\Drivers\CMSIS\Lib\GCC\libarm_cortexM4lf_math.a(arm_fir_f32.o)
                              ./Core/Src/main.o (arm_fir_f32)
C:\Users\TRETEC\STM32CubeIDE\workspace_1.19.0\DSP2025\Drivers\CMSIS\Lib\GCC\libarm_cortexM4lf_math.a(arm_offset_f32.o)
                              ./Core/Src/main.o (arm_offset_f32)
C:/ST/STM32CubeIDE_1.19.0/STM32CubeIDE/plugins/com.st.stm32cube.ide.mcu.externaltools.gnu-tools-for-stm32.13.3.rel1.win32_1.0.0.202411081344/tools/bin/../lib/gcc/arm-none-eabi/13.3.1/thumb/v7e-m+fp/hard\libgcc.a(_arm_muldf3.o)
                              ./Core/Src/math_helper.o (__aeabi_dmul)
C:/ST/STM32CubeIDE_1.19.0/STM32CubeIDE/plugins/com.st.stm32cube.ide.mcu.externaltools.gnu-tools-for-stm32.13.3.rel1.win32_1.0.0.202411081344/tools/bin/../lib/gcc/arm-none-eabi/13.3.1/thumb/v7e-m+fp/hard\libgcc.a(_arm_addsubdf3.o)
                              ./Core/Src/math_helper.o (__aeabi_dadd)
C:/ST/STM32CubeIDE_1.19.0/STM32CubeIDE/plugins/com.st.stm32cube.ide.mcu.externaltools.gnu-tools-for-stm32.13.3.rel1.win32_1.0.0.202411081344/tools/bin/../lib/gcc/arm-none-eabi/13.3.1/thumb/v7e-m+fp/hard\libgcc.a(_arm_fixdfsi.o)
                              ./Core/Src/math_helper.o (__aeabi_d2iz)
C:/ST/STM32CubeIDE_1.19.0/STM32CubeIDE/plugins/com.st.stm32cube.ide.mcu.externaltools.gnu-tools-for-stm32.13.3.rel1.win32_1.0.0.202411081344/tools/bin/../lib/gcc/arm-none-eabi/13.3.1/thumb/v7e-m+fp/hard\libgcc.a(_arm_truncdfsf2.o)
                              ./Core/Src/math_helper.o (__aeabi_d2f)
C:/ST/STM32CubeIDE_1.19.0/STM32CubeIDE/plugins/com.st.stm32cube.ide.mcu.externaltools.gnu-tools-for-stm32.13.3.rel1.win32_1.0.0.202411081344/tools/bin/../lib/gcc/arm-none-eabi/13.3.1/thumb/v7e-m+fp/hard\libgcc.a(_aeabi_uldivmod.o)
                              ./Drivers/STM32F4xx_HAL_Driver/Src/stm32f4xx_hal_rcc.o (__aeabi_uldivmod)
C:/ST/STM32CubeIDE_1.19.0/STM32CubeIDE/plugins/com.st.stm32cube.ide.mcu.externaltools.gnu-tools-for-stm32.13.3.rel1.win32_1.0.0.202411081344/tools/bin/../lib/gcc/arm-none-eabi/13.3.1/thumb/v7e-m+fp/hard\libgcc.a(_udivmoddi4.o)
                              C:/ST/STM32CubeIDE_1.19.0/STM32CubeIDE/plugins/com.st.stm32cube.ide.mcu.externaltools.gnu-tools-for-stm32.13.3.rel1.win32_1.0.0.202411081344/tools/bin/../lib/gcc/arm-none-eabi/13.3.1/thumb/v7e-m+fp/hard\libgcc.a(_aeabi_uldivmod.o) (__udivmoddi4)
C:/ST/STM32CubeIDE_1.19.0/STM32CubeIDE/plugins/com.st.stm32cube.ide.mcu.externaltools.gnu-tools-for-stm32.13.3.rel1.win32_1.0.0.202411081344/tools/bin/../lib/gcc/arm-none-eabi/13.3.1/thumb/v7e-m+fp/hard\libgcc.a(_dvmd_tls.o)
                              C:/ST/STM32CubeIDE_1.19.0/STM32CubeIDE/plugins/com.st.stm32cube.ide.mcu.externaltools.gnu-tools-for-stm32.13.3.rel1.win32_1.0.0.202411081344/tools/bin/../lib/gcc/arm-none-eabi/13.3.1/thumb/v7e-m+fp/hard\libgcc.a(_aeabi_uldivmod.o) (__aeabi_ldiv0)
C:/ST/STM32CubeIDE_1.19.0/STM32CubeIDE/plugins/com.st.stm32cube.ide.mcu.externaltools.gnu-tools-for-stm32.13.3.rel1.win32_1.0.0.202411081344/tools/bin/../lib/gcc/arm-none-eabi/13.3.1/../../../../arm-none-eabi/lib/thumb/v7e-m+fp/hard\libc_nano.a(libc_a-exit.o)
                              C:/ST/STM32CubeIDE_1.19.0/STM32CubeIDE/plugins/com.st.stm32cube.ide.mcu.externaltools.gnu-tools-for-stm32.13.3.rel1.win32_1.0.0.202411081344/tools/bin/../lib/gcc/arm-none-eabi/13.3.1/../../../../arm-none-eabi/lib/thumb/v7e-m+fp/hard/crt0.o (exit)
C:/ST/STM32CubeIDE_1.19.0/STM32CubeIDE/plugins/com.st.stm32cube.ide.mcu.externaltools.gnu-tools-for-stm32.13.3.rel1.win32_1.0.0.202411081344/tools/bin/../lib/gcc/arm-none-eabi/13.3.1/../../../../arm-none-eabi/lib/thumb/v7e-m+fp/hard\libc_nano.a(libc_a-findfp.o)
                              C:/ST/STM32CubeIDE_1.19.0/STM32CubeIDE/plugins/com.st.stm32cube.ide.mcu.externaltools.gnu-tools-for-stm32.13.3.rel1.win32_1.0.0.202411081344/tools/bin/../lib/gcc/arm-none-eabi/13.3.1/../../../../arm-none-eabi/lib/thumb/v7e-m+fp/hard\libc_nano.a(libc_a-exit.o) (__stdio_exit_handler)
C:/ST/STM32CubeIDE_1.19.0/STM32CubeIDE/plugins/com.st.stm32cube.ide.mcu.externaltools.gnu-tools-for-stm32.13.3.rel1.win32_1.0.0.202411081344/tools/bin/../lib/gcc/arm-none-eabi/13.3.1/../../../../arm-none-eabi/lib/thumb/v7e-m+fp/hard\libc_nano.a(libc_a-fwalk.o)
[...]
Memory Configuration

Name             Origin             Length             Attributes
RAM              0x20000000         0x00020000         xrw
FLASH            0x08000000         0x00080000         xr
*default*        0x00000000         0xffffffff

Linker script and memory map

LOAD C:/ST/STM32CubeIDE_1.19.0/STM32CubeIDE/plugins/com.st.stm32cube.ide.mcu.externaltools.gnu-tools-for-stm32.13.3.rel1.win32_1.0.0.202411081344/tools/bin/../lib/gcc/arm-none-eabi/13.3.1/thumb/v7e-m+fp/hard/crti.o
LOAD C:/ST/STM32CubeIDE_1.19.0/STM32CubeIDE/plugins/com.st.stm32cube.ide.mcu.externaltools.gnu-tools-for-stm32.13.3.rel1.win32_1.0.0.202411081344/tools/bin/../lib/gcc/arm-none-eabi/13.3.1/thumb/v7e-m+fp/hard/crtbegin.o
LOAD C:/ST/STM32CubeIDE_1.19.0/STM32CubeIDE/plugins/com.st.stm32cube.ide.mcu.externaltools.gnu-tools-for-stm32.13.3.rel1.win32_1.0.0.202411081344/tools/bin/../lib/gcc/arm-none-eabi/13.3.1/../../../../arm-none-eabi/lib/thumb/v7e-m+fp/hard/crt0.o
LOAD ./Core/Src/arm_fir_data.o
LOAD ./Core/Src/clap_data.o
LOAD ./Core/Src/main.o
LOAD ./Core/Src/math_helper.o
LOAD ./Core/Src/stm32f4xx_hal_msp.o
LOAD ./Core/Src/stm32f4xx_hal_timebase_tim.o
LOAD ./Core/Src/stm32f4xx_it.o
LOAD ./Core/Src/syscalls.o
LOAD ./Core/Src/sysmem.o
LOAD ./Core/Src/system_stm32f4xx.o
LOAD ./Core/Startup/startup_stm32f446retx.o
LOAD ./Drivers/STM32F4xx_HAL_Driver/Src/stm32f4xx_hal.o
LOAD ./Drivers/STM32F4xx_HAL_Driver/Src/stm32f4xx_hal_adc.o
LOAD ./Drivers/STM32F4xx_HAL_Driver/Src/stm32f4xx_hal_adc_ex.o
LOAD ./Drivers/STM32F4xx_HAL_Driver/Src/stm32f4xx_hal_cortex.o
LOAD ./Drivers/STM32F4xx_HAL_Driver/Src/stm32f4xx_hal_dac.o
LOAD ./Drivers/STM32F4xx_HAL_Driver/Src/stm32f4xx_hal_dac_ex.o
LOAD ./Drivers/STM32F4xx_HAL_Driver/Src/stm32f4xx_hal_dma.o
LOAD ./Drivers/STM32F4xx_HAL_Driver/Src/stm32f4xx_hal_dma_ex.o
LOAD ./Drivers/STM32F4xx_HAL_Driver/Src/stm32f4xx_hal_exti.o
LOAD ./Drivers/STM32F4xx_HAL_Driver/Src/stm32f4xx_hal_flash.o
LOAD ./Drivers/STM32F4xx_HAL_Driver/Src/stm32f4xx_hal_flash_ex.o
LOAD ./Drivers/STM32F4xx_HAL_Driver/Src/stm32f4xx_hal_flash_ramfunc.o
LOAD ./Drivers/STM32F4xx_HAL_Driver/Src/stm32f4xx_hal_gpio.o
LOAD ./Drivers/STM32F4xx_HAL_Driver/Src/stm32f4xx_hal_pwr.o
LOAD ./Drivers/STM32F4xx_HAL_Driver/Src/stm32f4xx_hal_pwr_ex.o
LOAD ./Drivers/STM32F4xx_HAL_Driver/Src/stm32f4xx_hal_rcc.o
LOAD ./Drivers/STM32F4xx_HAL_Driver/Src/stm32f4xx_hal_rcc_ex.o
LOAD ./Drivers/STM32F4xx_HAL_Driver/Src/stm32f4xx_hal_tim.o
LOAD ./Drivers/STM32F4xx_HAL_Driver/Src/stm32f4xx_hal_tim_ex.o
LOAD ./Drivers/STM32F4xx_HAL_Driver/Src/stm32f4xx_hal_uart.o
LOAD ./Drivers/STM32F4xx_HAL_Driver/Src/stm32f4xx_ll_adc.o
LOAD C:\Users\TRETEC\STM32CubeIDE\workspace_1.19.0\DSP2025\Drivers\CMSIS\Lib\GCC\libarm_cortexM4lf_math.a
START GROUP
LOAD C:/ST/STM32CubeIDE_1.19.0/STM32CubeIDE/plugins/com.st.stm32cube.ide.mcu.externaltools.gnu-tools-for-stm32.13.3.rel1.win32_1.0.0.202411081344/tools/bin/../lib/gcc/arm-none-eabi/13.3.1/thumb/v7e-m+fp/hard\libgcc.a
LOAD C:/ST/STM32CubeIDE_1.19.0/STM32CubeIDE/plugins/com.st.stm32cube.ide.mcu.externaltools.gnu-tools-for-stm32.13.3.rel1.win32_1.0.0.202411081344/tools/bin/../lib/gcc/arm-none-eabi/13.3.1/../../../../arm-none-eabi/lib/thumb/v7e-m+fp/hard\libc_nano.a
END GROUP
START GROUP
LOAD C:/ST/STM32CubeIDE_1.19.0/STM32CubeIDE/plugins/com.st.stm32cube.ide.mcu.externaltools.gnu-tools-for-stm32.13.3.rel1.win32_1.0.0.202411081344/tools/bin/../lib/gcc/arm-none-eabi/13.3.1/thumb/v7e-m+fp/hard\libgcc.a
LOAD C:/ST/STM32CubeIDE_1.19.0/STM32CubeIDE/plugins/com.st.stm32cube.ide.mcu.externaltools.gnu-tools-for-stm32.13.3.rel1.win32_1.0.0.202411081344/tools/bin/../lib/gcc/arm-none-eabi/13.3.1/../../../../arm-none-eabi/lib/thumb/v7e-m+fp/hard\libc_nano.a
LOAD C:/ST/STM32CubeIDE_1.19.0/STM32CubeIDE/plugins/com.st.stm32cube.ide.mcu.externaltools.gnu-tools-for-stm32.13.3.rel1.win32_1.0.0.202411081344/tools/bin/../lib/gcc/arm-none-eabi/13.3.1/../../../../arm-none-eabi/lib/thumb/v7e-m+fp/hard\libnosys.a
END GROUP
START GROUP
LOAD C:/ST/STM32CubeIDE_1.19.0/STM32CubeIDE/plugins/com.st.stm32cube.ide.mcu.externaltools.gnu-tools-for-stm32.13.3.rel1.win32_1.0.0.202411081344/tools/bin/../lib/gcc/arm-none-eabi/13.3.1/thumb/v7e-m+fp/hard\libgcc.a
LOAD C:/ST/STM32CubeIDE_1.19.0/STM32CubeIDE/plugins/com.st.stm32cube.ide.mcu.externaltools.gnu-tools-for-stm32.13.3.rel1.win32_1.0.0.202411081344/tools/bin/../lib/gcc/arm-none-eabi/13.3.1/../../../../arm-none-eabi/lib/thumb/v7e-m+fp/hard\libc_nano.a
LOAD C:/ST/STM32CubeIDE_1.19.0/STM32CubeIDE/plugins/com.st.stm32cube.ide.mcu.externaltools.gnu-tools-for-stm32.13.3.rel1.win32_1.0.0.202411081344/tools/bin/../lib/gcc/arm-none-eabi/13.3.1/../../../../arm-none-eabi/lib/thumb/v7e-m+fp/hard\libnosys.a
END GROUP
LOAD C:/ST/STM32CubeIDE_1.19.0/STM32CubeIDE/plugins/com.st.stm32cube.ide.mcu.externaltools.gnu-tools-for-stm32.13.3.rel1.win32_1.0.0.202411081344/tools/bin/../lib/gcc/arm-none-eabi/13.3.1/thumb/v7e-m+fp/hard/crtend.o
LOAD C:/ST/STM32CubeIDE_1.19.0/STM32CubeIDE/plugins/com.st.stm32cube.ide.mcu.externaltools.gnu-tools-for-stm32.13.3.rel1.win32_1.0.0.202411081344/tools/bin/../lib/gcc/arm-none-eabi/13.3.1/thumb/v7e-m+fp/hard/crtn.o
                0x20020000                        _estack = (ORIGIN (RAM) + LENGTH (RAM))
                0x00000200                        _Min_Heap_Size = 0x200
                0x00000400                        _Min_Stack_Size = 0x400

.isr_vector     0x08000000      0x1c4
                0x08000000                        . = ALIGN (0x4)
 *(.isr_vector)
 .isr_vector    0x08000000      0x1c4 ./Core/Startup/startup_stm32f446retx.o
                0x08000000                g_pfnVectors
                0x080001c4                        . = ALIGN (0x4)

.text           0x080001d0     0x66a4
                0x080001d0                        . = ALIGN (0x4)
 *(.text)
 .text          0x080001d0       0x40 C:/ST/STM32CubeIDE_1.19.0/STM32CubeIDE/plugins/com.st.stm32cube.ide.mcu.externaltools.gnu-tools-for-stm32.13.3.rel1.win32_1.0.0.202411081344/tools/bin/../lib/gcc/arm-none-eabi/13.3.1/thumb/v7e-m+fp/hard/crtbegin.o
 .text          0x08000210      0x378 C:/ST/STM32CubeIDE_1.19.0/STM32CubeIDE/plugins/com.st.stm32cube.ide.mcu.externaltools.gnu-tools-for-stm32.13.3.rel1.win32_1.0.0.202411081344/tools/bin/../lib/gcc/arm-none-eabi/13.3.1/thumb/v7e-m+fp/hard\libgcc.a(_arm_addsubdf3.o)
                0x08000210                __aeabi_drsub
                0x08000218                __aeabi_dsub
                0x08000218                __subdf3
                0x0800021c                __aeabi_dadd
                0x0800021c                __adddf3
                0x08000494                __floatunsidf
                0x08000494                __aeabi_ui2d
                0x080004b4                __floatsidf
                0x080004b4                __aeabi_i2d
                0x080004d8                __aeabi_f2d
                0x080004d8                __extendsfdf2
                0x0800051c                __floatundidf
                0x0800051c                __aeabi_ul2d
                0x0800052c                __floatdidf
                0x0800052c                __aeabi_l2d
 .text          0x08000588       0xa0 C:/ST/STM32CubeIDE_1.19.0/STM32CubeIDE/plugins/com.st.stm32cube.ide.mcu.externaltools.gnu-tools-for-stm32.13.3.rel1.win32_1.0.0.202411081344/tools/bin/../lib/gcc/arm-none-eabi/13.3.1/thumb/v7e-m+fp/hard\libgcc.a(_arm_truncdfsf2.o)
                0x08000588                __truncdfsf2
                0x08000588                __aeabi_d2f
 .text          0x08000628       0x30 C:/ST/STM32CubeIDE_1.19.0/STM32CubeIDE/plugins/com.st.stm32cube.ide.mcu.externaltools.gnu-tools-for-stm32.13.3.rel1.win32_1.0.0.202411081344/tools/bin/../lib/gcc/arm-none-eabi/13.3.1/thumb/v7e-m+fp/hard\libgcc.a(_aeabi_uldivmod.o)
                0x08000628                __aeabi_uldivmod
 .text          0x08000658      0x2f8 C:/ST/STM32CubeIDE_1.19.0/STM32CubeIDE/plugins/com.st.stm32cube.ide.mcu.externaltools.gnu-tools-for-stm32.13.3.rel1.win32_1.0.0.202411081344/tools/bin/../lib/gcc/arm-none-eabi/13.3.1/thumb/v7e-m+fp/hard\libgcc.a(_udivmoddi4.o)
                0x08000658                __udivmoddi4
 .text          0x08000950        0x4 C:/ST/STM32CubeIDE_1.19.0/STM32CubeIDE/plugins/com.st.stm32cube.ide.mcu.externaltools.gnu-tools-for-stm32.13.3.rel1.win32_1.0.0.202411081344/tools/bin/../lib/gcc/arm-none-eabi/13.3.1/thumb/v7e-m+fp/hard\libgcc.a(_dvmd_tls.o)
                0x08000950                __aeabi_idiv0
                0x08000950                __aeabi_ldiv0
 *fill*         0x08000954        0xc 
 .text          0x08000960       0xa0 C:/ST/STM32CubeIDE_1.19.0/STM32CubeIDE/plugins/com.st.stm32cube.ide.mcu.externaltools.gnu-tools-for-stm32.13.3.rel1.win32_1.0.0.202411081344/tools/bin/../lib/gcc/arm-none-eabi/13.3.1/../../../../arm-none-eabi/lib/thumb/v7e-m+fp/hard\libc_nano.a(libc_a-memchr.o)
                0x08000960                memchr
 .text          0x08000a00      0x424 C:/ST/STM32CubeIDE_1.19.0/STM32CubeIDE/plugins/com.st.stm32cube.ide.mcu.externaltools.gnu-tools-for-stm32.13.3.rel1.win32_1.0.0.202411081344/tools/bin/../lib/gcc/arm-none-eabi/13.3.1/thumb/v7e-m+fp/hard\libgcc.a(_arm_muldivdf3.o)
                0x08000a00                __aeabi_dmul
                0x08000a00                __muldf3
                0x08000c54                __divdf3
                0x08000c54                __aeabi_ddiv
 .text          0x08000e24      0x110 C:/ST/STM32CubeIDE_1.19.0/STM32CubeIDE/plugins/com.st.stm32cube.ide.mcu.externaltools.gnu-tools-for-stm32.13.3.rel1.win32_1.0.0.202411081344/tools/bin/../lib/gcc/arm-none-eabi/13.3.1/thumb/v7e-m+fp/hard\libgcc.a(_arm_cmpdf2.o)
                0x08000e24                __gtdf2
                0x08000e24                __gedf2
                0x08000e2c                __ltdf2
                0x08000e2c                __ledf2
                0x08000e34                __nedf2
                0x08000e34                __eqdf2
                0x08000e34                __cmpdf2
                0x08000eb0                __aeabi_cdrcmple
                0x08000ec0                __aeabi_cdcmpeq
                0x08000ec0                __aeabi_cdcmple
                0x08000ed0                __aeabi_dcmpeq
                0x08000ee4                __aeabi_dcmplt
                0x08000ef8                __aeabi_dcmple
                0x08000f0c                __aeabi_dcmpge
                0x08000f20                __aeabi_dcmpgt
 .text          0x08000f34       0x2c C:/ST/STM32CubeIDE_1.19.0/STM32CubeIDE/plugins/com.st.stm32cube.ide.mcu.externaltools.gnu-tools-for-stm32.13.3.rel1.win32_1.0.0.202411081344/tools/bin/../lib/gcc/arm-none-eabi/13.3.1/thumb/v7e-m+fp/hard\libgcc.a(_arm_unorddf2.o)
                0x08000f34                __unorddf2
                0x08000f34                __aeabi_dcmpun
 *(.text*)
 .text.ITM_SendChar
                0x08000f60       0x50 ./Core/Src/main.o
 .text._write   0x08000fb0       0x38 ./Core/Src/main.o
                0x08000fb0                _write
 .text.main     0x08000fe8      0x330 ./Core/Src/main.o
                0x08000fe8                main
 .text.SystemClock_Config
                0x08001318       0xdc ./Core/Src/main.o
                0x08001318                SystemClock_Config
 .text.MX_ADC1_Init
                0x080013f4       0xa4 ./Core/Src/main.o
 .text.MX_DAC_Init
                0x08001498       0x54 ./Core/Src/main.o
 .text.MX_TIM7_Init
                0x080014ec       0x6c ./Core/Src/main.o
 .text.MX_USART2_UART_Init
                0x08001558       0x54 ./Core/Src/main.o
 .text.MX_DMA_Init
                0x080015ac       0x6c ./Core/Src/main.o
 .text.MX_GPIO_Init
                0x08001618       0xdc ./Core/Src/main.o
 .text.HAL_ADC_ConvCpltCallback
                0x080016f4       0x20 ./Core/Src/main.o
                0x080016f4                HAL_ADC_ConvCpltCallback
 .text.HAL_TIM_PeriodElapsedCallback
                0x08001714       0x48 ./Core/Src/main.o
                0x08001714                HAL_TIM_PeriodElapsedCallback
 .text.Error_Handler
                0x0800175c        0xc ./Core/Src/main.o
                0x0800175c                Error_Handler
 .text.arm_snr_f32
                0x08001768      0x148 ./Core/Src/math_helper.o
                0x08001768                arm_snr_f32
 .text.HAL_MspInit
                0x080018b0       0x50 ./Core/Src/stm32f4xx_hal_msp.o
                0x080018b0                HAL_MspInit
 .text.HAL_ADC_MspInit
                0x08001900       0xec ./Core/Src/stm32f4xx_hal_msp.o
                0x08001900                HAL_ADC_MspInit
 .text.HAL_DAC_MspInit
                0x080019ec       0xf0 ./Core/Src/stm32f4xx_hal_msp.o
                0x080019ec                HAL_DAC_MspInit
 .text.HAL_TIM_Base_MspInit
                0x08001adc       0x50 ./Core/Src/stm32f4xx_hal_msp.o
                0x08001adc                HAL_TIM_Base_MspInit
 .text.HAL_UART_MspInit
                0x08001b2c       0x90 ./Core/Src/stm32f4xx_hal_msp.o
                0x08001b2c                HAL_UART_MspInit
 .text.HAL_InitTick
                0x08001bbc       0xe4 ./Core/Src/stm32f4xx_hal_timebase_tim.o
                0x08001bbc                HAL_InitTick
 .text.NMI_Handler
                0x08001ca0        0x8 ./Core/Src/stm32f4xx_it.o
                0x08001ca0                NMI_Handler
 .text.HardFault_Handler
                0x08001ca8        0x8 ./Core/Src/stm32f4xx_it.o
                0x08001ca8                HardFault_Handler
 .text.MemManage_Handler
                0x08001cb0        0x8 ./Core/Src/stm32f4xx_it.o
                0x08001cb0                MemManage_Handler
 .text.BusFault_Handler
                0x08001cb8        0x8 ./Core/Src/stm32f4xx_it.o
                0x08001cb8                BusFault_Handler
 .text.UsageFault_Handler
                0x08001cc0        0x8 ./Core/Src/stm32f4xx_it.o
                0x08001cc0                UsageFault_Handler
 .text.SVC_Handler
                0x08001cc8        0xe ./Core/Src/stm32f4xx_it.o
                0x08001cc8                SVC_Handler
 .text.DebugMon_Handler
                0x08001cd6        0xe ./Core/Src/stm32f4xx_it.o
                0x08001cd6                DebugMon_Handler
 .text.PendSV_Handler
                0x08001ce4        0xe ./Core/Src/stm32f4xx_it.o
                0x08001ce4                PendSV_Handler
 .text.SysTick_Handler
                0x08001cf2        0xe ./Core/Src/stm32f4xx_it.o
                0x08001cf2                SysTick_Handler
 .text.DMA1_Stream5_IRQHandler
                0x08001d00       0x14 ./Core/Src/stm32f4xx_it.o
                0x08001d00                DMA1_Stream5_IRQHandler
 .text.TIM1_UP_TIM10_IRQHandler
                0x08001d14       0x14 ./Core/Src/stm32f4xx_it.o
                0x08001d14                TIM1_UP_TIM10_IRQHandler
 .text.TIM7_IRQHandler
                0x08001d28       0x14 ./Core/Src/stm32f4xx_it.o
                0x08001d28                TIM7_IRQHandler
 .text.DMA2_Stream0_IRQHandler
                0x08001d3c       0x14 ./Core/Src/stm32f4xx_it.o
                0x08001d3c                DMA2_Stream0_IRQHandler
 .text._read    0x08001d50       0x3a ./Core/Src/syscalls.o
                0x08001d50                _read
 .text._close   0x08001d8a       0x18 ./Core/Src/syscalls.o
                0x08001d8a                _close
 .text._fstat   0x08001da2       0x20 ./Core/Src/syscalls.o
                0x08001da2                _fstat
 .text._isatty  0x08001dc2       0x16 ./Core/Src/syscalls.o
                0x08001dc2                _isatty
 .text._lseek   0x08001dd8       0x1a ./Core/Src/syscalls.o
                0x08001dd8                _lseek
 *fill*         0x08001df2        0x2 
 .text._sbrk    0x08001df4       0x6c ./Core/Src/sysmem.o
                0x08001df4                _sbrk
 .text.SystemInit
                0x08001e60       0x24 ./Core/Src/system_stm32f4xx.o
                0x08001e60                SystemInit
 .text.Reset_Handler
                0x08001e84       0x50 ./Core/Startup/startup_stm32f446retx.o
                0x08001e84                Reset_Handler
 .text.Default_Handler
                0x08001ed4        0x2 ./Core/Startup/startup_stm32f446retx.o
                0x08001ed4                RTC_Alarm_IRQHandler
                0x08001ed4                EXTI2_IRQHandler
                0x08001ed4                TIM8_CC_IRQHandler
                0x08001ed4                FMPI2C1_EV_IRQHandler
                0x08001ed4                SPI4_IRQHandler
                0x08001ed4                TIM1_CC_IRQHandler
                0x08001ed4                DMA2_Stream5_IRQHandler
                0x08001ed4                PVD_IRQHandler
                0x08001ed4                SDIO_IRQHandler
                0x08001ed4                TAMP_STAMP_IRQHandler
                0x08001ed4                CAN2_RX1_IRQHandler
                0x08001ed4                EXTI3_IRQHandler
                0x08001ed4                TIM8_TRG_COM_TIM14_IRQHandler
                0x08001ed4                TIM8_UP_TIM13_IRQHandler
                0x08001ed4                I2C3_ER_IRQHandler
                0x08001ed4                EXTI0_IRQHandler
                0x08001ed4                I2C2_EV_IRQHandler
                0x08001ed4                DMA1_Stream2_IRQHandler
                0x08001ed4                CAN1_RX0_IRQHandler
                0x08001ed4                FPU_IRQHandler
                0x08001ed4                OTG_HS_WKUP_IRQHandler
                0x08001ed4                CAN2_SCE_IRQHandler
                0x08001ed4                DMA2_Stream2_IRQHandler
                0x08001ed4                SPI1_IRQHandler
                0x08001ed4                TIM6_DAC_IRQHandler
                0x08001ed4                TIM1_BRK_TIM9_IRQHandler
                0x08001ed4                DCMI_IRQHandler
                0x08001ed4                CAN2_RX0_IRQHandler
                0x08001ed4                DMA2_Stream3_IRQHandler
                0x08001ed4                SAI2_IRQHandler
                0x08001ed4                USART6_IRQHandler
                0x08001ed4                USART3_IRQHandler
                0x08001ed4                CAN1_RX1_IRQHandler
                0x08001ed4                UART5_IRQHandler
                0x08001ed4                TIM4_IRQHandler
                0x08001ed4                QUADSPI_IRQHandler
                0x08001ed4                I2C1_EV_IRQHandler
                0x08001ed4                DMA1_Stream6_IRQHandler
                0x08001ed4                DMA1_Stream1_IRQHandler
                0x08001ed4                UART4_IRQHandler
                0x08001ed4                TIM3_IRQHandler
                0x08001ed4                RCC_IRQHandler
                0x08001ed4                TIM8_BRK_TIM12_IRQHandler
                0x08001ed4                Default_Handler
                0x08001ed4                CEC_IRQHandler
                0x08001ed4                EXTI15_10_IRQHandler
                0x08001ed4                ADC_IRQHandler
                0x08001ed4                DMA1_Stream7_IRQHandler
                0x08001ed4                CAN2_TX_IRQHandler
                0x08001ed4                TIM5_IRQHandler
                0x08001ed4                DMA2_Stream7_IRQHandler
                0x08001ed4                I2C3_EV_IRQHandler
                0x08001ed4                EXTI9_5_IRQHandler
                0x08001ed4                RTC_WKUP_IRQHandler
                0x08001ed4                SPDIF_RX_IRQHandler
                0x08001ed4                SPI2_IRQHandler
                0x08001ed4                OTG_HS_EP1_IN_IRQHandler
                0x08001ed4                DMA1_Stream0_IRQHandler
                0x08001ed4                CAN1_TX_IRQHandler
                0x08001ed4                FMPI2C1_ER_IRQHandler
                0x08001ed4                EXTI4_IRQHandler
                0x08001ed4                OTG_HS_EP1_OUT_IRQHandler
                0x08001ed4                WWDG_IRQHandler
                0x08001ed4                TIM2_IRQHandler
                0x08001ed4                OTG_FS_WKUP_IRQHandler
                0x08001ed4                TIM1_TRG_COM_TIM11_IRQHandler
                0x08001ed4                OTG_HS_IRQHandler
                0x08001ed4                EXTI1_IRQHandler
                0x08001ed4                USART2_IRQHandler
                0x08001ed4                I2C2_ER_IRQHandler
                0x08001ed4                DMA2_Stream1_IRQHandler
                0x08001ed4                CAN1_SCE_IRQHandler
                0x08001ed4                FLASH_IRQHandler
                0x08001ed4                DMA2_Stream4_IRQHandler
                0x08001ed4                USART1_IRQHandler
                0x08001ed4                OTG_FS_IRQHandler
                0x08001ed4                SPI3_IRQHandler
                0x08001ed4                DMA1_Stream4_IRQHandler
                0x08001ed4                I2C1_ER_IRQHandler
                0x08001ed4                FMC_IRQHandler
                0x08001ed4                DMA2_Stream6_IRQHandler
                0x08001ed4                SAI1_IRQHandler
                0x08001ed4                DMA1_Stream3_IRQHandler
 *fill*         0x08001ed6        0x2 
 .text.HAL_Init
                0x08001ed8       0x44 ./Drivers/STM32F4xx_HAL_Driver/Src/stm32f4xx_hal.o
                0x08001ed8                HAL_Init
 .text.HAL_IncTick
                0x08001f1c       0x28 ./Drivers/STM32F4xx_HAL_Driver/Src/stm32f4xx_hal.o
                0x08001f1c                HAL_IncTick
 .text.HAL_GetTick
                0x08001f44       0x18 ./Drivers/STM32F4xx_HAL_Driver/Src/stm32f4xx_hal.o
                0x08001f44                HAL_GetTick
 .text.HAL_ADC_Init
                0x08001f5c       0x86 ./Drivers/STM32F4xx_HAL_Driver/Src/stm32f4xx_hal_adc.o
                0x08001f5c                HAL_ADC_Init
 *fill*         0x08001fe2        0x2 
 .text.HAL_ADC_Start_DMA
                0x08001fe4      0x228 ./Drivers/STM32F4xx_HAL_Driver/Src/stm32f4xx_hal_adc.o
                0x08001fe4                HAL_ADC_Start_DMA
 .text.HAL_ADC_ConvHalfCpltCallback
                0x0800220c       0x14 ./Drivers/STM32F4xx_HAL_Driver/Src/stm32f4xx_hal_adc.o
                0x0800220c                HAL_ADC_ConvHalfCpltCallback
 .text.HAL_ADC_ErrorCallback
                0x08002220       0x14 ./Drivers/STM32F4xx_HAL_Driver/Src/stm32f4xx_hal_adc.o
                0x08002220                HAL_ADC_ErrorCallback
 .text.HAL_ADC_ConfigChannel
                0x08002234      0x264 ./Drivers/STM32F4xx_HAL_Driver/Src/stm32f4xx_hal_adc.o
                0x08002234                HAL_ADC_ConfigChannel
 .text.ADC_Init
                0x08002498      0x1f8 ./Drivers/STM32F4xx_HAL_Driver/Src/stm32f4xx_hal_adc.o
 .text.ADC_DMAConvCplt
                0x08002690       0xba ./Drivers/STM32F4xx_HAL_Driver/Src/stm32f4xx_hal_adc.o
 .text.ADC_DMAHalfConvCplt
                0x0800274a       0x1c ./Drivers/STM32F4xx_HAL_Driver/Src/stm32f4xx_hal_adc.o
 .text.ADC_DMAError
                0x08002766       0x2e ./Drivers/STM32F4xx_HAL_Driver/Src/stm32f4xx_hal_adc.o
 .text.NVIC_SetPriorityGrouping
                0x08002794       0x48 ./Drivers/STM32F4xx_HAL_Driver/Src/stm32f4xx_hal_cortex.o
 .text.NVIC_GetPriorityGrouping
                0x080027dc       0x1c ./Drivers/STM32F4xx_HAL_Driver/Src/stm32f4xx_hal_cortex.o
 .text.NVIC_EnableIRQ
                0x080027f8       0x34 ./Drivers/STM32F4xx_HAL_Driver/Src/stm32f4xx_hal_cortex.o
 .text.NVIC_SetPriority
                0x0800282c       0x54 ./Drivers/STM32F4xx_HAL_Driver/Src/stm32f4xx_hal_cortex.o
 .text.NVIC_EncodePriority
                0x08002880       0x66 ./Drivers/STM32F4xx_HAL_Driver/Src/stm32f4xx_hal_cortex.o
 .text.HAL_NVIC_SetPriorityGrouping
                0x080028e6       0x16 ./Drivers/STM32F4xx_HAL_Driver/Src/stm32f4xx_hal_cortex.o
                0x080028e6                HAL_NVIC_SetPriorityGrouping
 .text.HAL_NVIC_SetPriority
                0x080028fc       0x38 ./Drivers/STM32F4xx_HAL_Driver/Src/stm32f4xx_hal_cortex.o
                0x080028fc                HAL_NVIC_SetPriority
 .text.HAL_NVIC_EnableIRQ
                0x08002934       0x1c ./Drivers/STM32F4xx_HAL_Driver/Src/stm32f4xx_hal_cortex.o
                0x08002934                HAL_NVIC_EnableIRQ
 .text.HAL_DAC_Init
                0x08002950       0x44 ./Drivers/STM32F4xx_HAL_Driver/Src/stm32f4xx_hal_dac.o
                0x08002950                HAL_DAC_Init
 .text.HAL_DAC_Start_DMA
                0x08002994      0x180 ./Drivers/STM32F4xx_HAL_Driver/Src/stm32f4xx_hal_dac.o
                0x08002994                HAL_DAC_Start_DMA
 .text.HAL_DAC_ConvCpltCallbackCh1
                0x08002b14       0x14 ./Drivers/STM32F4xx_HAL_Driver/Src/stm32f4xx_hal_dac.o
                0x08002b14                HAL_DAC_ConvCpltCallbackCh1
 .text.HAL_DAC_ConvHalfCpltCallbackCh1
                0x08002b28       0x14 ./Drivers/STM32F4xx_HAL_Driver/Src/stm32f4xx_hal_dac.o
                0x08002b28                HAL_DAC_ConvHalfCpltCallbackCh1
 .text.HAL_DAC_ErrorCallbackCh1
                0x08002b3c       0x14 ./Drivers/STM32F4xx_HAL_Driver/Src/stm32f4xx_hal_dac.o
                0x08002b3c                HAL_DAC_ErrorCallbackCh1
 .text.HAL_DAC_ConfigChannel
                0x08002b50       0xb2 ./Drivers/STM32F4xx_HAL_Driver/Src/stm32f4xx_hal_dac.o
                0x08002b50                HAL_DAC_ConfigChannel
 .text.DAC_DMAConvCpltCh1
                0x08002c02       0x22 ./Drivers/STM32F4xx_HAL_Driver/Src/stm32f4xx_hal_dac.o
                0x08002c02                DAC_DMAConvCpltCh1
 .text.DAC_DMAHalfConvCpltCh1
                0x08002c24       0x1c ./Drivers/STM32F4xx_HAL_Driver/Src/stm32f4xx_hal_dac.o
                0x08002c24                DAC_DMAHalfConvCpltCh1
 .text.DAC_DMAErrorCh1
                0x08002c40       0x2e ./Drivers/STM32F4xx_HAL_Driver/Src/stm32f4xx_hal_dac.o
                0x08002c40                DAC_DMAErrorCh1
 .text.HAL_DACEx_ConvCpltCallbackCh2
                0x08002c6e       0x14 ./Drivers/STM32F4xx_HAL_Driver/Src/stm32f4xx_hal_dac_ex.o
                0x08002c6e                HAL_DACEx_ConvCpltCallbackCh2
 .text.HAL_DACEx_ConvHalfCpltCallbackCh2
                0x08002c82       0x14 ./Drivers/STM32F4xx_HAL_Driver/Src/stm32f4xx_hal_dac_ex.o
                0x08002c82                HAL_DACEx_ConvHalfCpltCallbackCh2
 .text.HAL_DACEx_ErrorCallbackCh2
                0x08002c96       0x14 ./Drivers/STM32F4xx_HAL_Driver/Src/stm32f4xx_hal_dac_ex.o
                0x08002c96                HAL_DACEx_ErrorCallbackCh2
 .text.DAC_DMAConvCpltCh2
                0x08002caa       0x22 ./Drivers/STM32F4xx_HAL_Driver/Src/stm32f4xx_hal_dac_ex.o
                0x08002caa                DAC_DMAConvCpltCh2
 .text.DAC_DMAHalfConvCpltCh2
                0x08002ccc       0x1c ./Drivers/STM32F4xx_HAL_Driver/Src/stm32f4xx_hal_dac_ex.o
                0x08002ccc                DAC_DMAHalfConvCpltCh2
 .text.DAC_DMAErrorCh2
                0x08002ce8       0x2e ./Drivers/STM32F4xx_HAL_Driver/Src/stm32f4xx_hal_dac_ex.o
                0x08002ce8                DAC_DMAErrorCh2
 *fill*         0x08002d16        0x2 
 .text.HAL_DMA_Init
                0x08002d18      0x15c ./Drivers/STM32F4xx_HAL_Driver/Src/stm32f4xx_hal_dma.o
                0x08002d18                HAL_DMA_Init
 .text.HAL_DMA_Start_IT
                0x08002e74       0xb0 ./Drivers/STM32F4xx_HAL_Driver/Src/stm32f4xx_hal_dma.o
                0x08002e74                HAL_DMA_Start_IT
 .text.HAL_DMA_IRQHandler
                0x08002f24      0x314 ./Drivers/STM32F4xx_HAL_Driver/Src/stm32f4xx_hal_dma.o
                0x08002f24                HAL_DMA_IRQHandler
 .text.DMA_SetConfig
                0x08003238       0x5c ./Drivers/STM32F4xx_HAL_Driver/Src/stm32f4xx_hal_dma.o
 .text.DMA_CalcBaseAndBitshift
                0x08003294       0x6c ./Drivers/STM32F4xx_HAL_Driver/Src/stm32f4xx_hal_dma.o
 .text.DMA_CheckFifoParam
                0x08003300       0xf8 ./Drivers/STM32F4xx_HAL_Driver/Src/stm32f4xx_hal_dma.o
 .text.HAL_GPIO_Init
                0x080033f8      0x328 ./Drivers/STM32F4xx_HAL_Driver/Src/stm32f4xx_hal_gpio.o
                0x080033f8                HAL_GPIO_Init
 .text.HAL_GPIO_WritePin
                0x08003720       0x32 ./Drivers/STM32F4xx_HAL_Driver/Src/stm32f4xx_hal_gpio.o
                0x08003720                HAL_GPIO_WritePin
 .text.HAL_GPIO_TogglePin
                0x08003752       0x34 ./Drivers/STM32F4xx_HAL_Driver/Src/stm32f4xx_hal_gpio.o
                0x08003752                HAL_GPIO_TogglePin
 *fill*         0x08003786        0x2 
 .text.HAL_RCC_ClockConfig
                0x08003788      0x1cc ./Drivers/STM32F4xx_HAL_Driver/Src/stm32f4xx_hal_rcc.o
                0x08003788                HAL_RCC_ClockConfig
 .text.HAL_RCC_GetHCLKFreq
                0x08003954       0x18 ./Drivers/STM32F4xx_HAL_Driver/Src/stm32f4xx_hal_rcc.o
                0x08003954                HAL_RCC_GetHCLKFreq
 .text.HAL_RCC_GetPCLK1Freq
                0x0800396c       0x28 ./Drivers/STM32F4xx_HAL_Driver/Src/stm32f4xx_hal_rcc.o
                0x0800396c                HAL_RCC_GetPCLK1Freq
 .text.HAL_RCC_GetPCLK2Freq
                0x08003994       0x28 ./Drivers/STM32F4xx_HAL_Driver/Src/stm32f4xx_hal_rcc.o
                0x08003994                HAL_RCC_GetPCLK2Freq
 .text.HAL_RCC_GetClockConfig
                0x080039bc       0x64 ./Drivers/STM32F4xx_HAL_Driver/Src/stm32f4xx_hal_rcc.o
                0x080039bc                HAL_RCC_GetClockConfig
 .text.HAL_RCC_GetSysClockFreq
                0x08003a20      0x460 ./Drivers/STM32F4xx_HAL_Driver/Src/stm32f4xx_hal_rcc_ex.o
                0x08003a20                HAL_RCC_GetSysClockFreq
 .text.HAL_RCC_OscConfig
                0x08003e80      0x53c ./Drivers/STM32F4xx_HAL_Driver/Src/stm32f4xx_hal_rcc_ex.o
                0x08003e80                HAL_RCC_OscConfig
 .text.HAL_TIM_Base_Init
                0x080043bc       0x9e ./Drivers/STM32F4xx_HAL_Driver/Src/stm32f4xx_hal_tim.o
                0x080043bc                HAL_TIM_Base_Init
 *fill*         0x0800445a        0x2 
 .text.HAL_TIM_Base_Start_IT
                0x0800445c       0xe0 ./Drivers/STM32F4xx_HAL_Driver/Src/stm32f4xx_hal_tim.o
                0x0800445c                HAL_TIM_Base_Start_IT
 .text.HAL_TIM_IRQHandler
                0x0800453c      0x1e0 ./Drivers/STM32F4xx_HAL_Driver/Src/stm32f4xx_hal_tim.o
                0x0800453c                HAL_TIM_IRQHandler
 .text.HAL_TIM_OC_DelayElapsedCallback
                0x0800471c       0x14 ./Drivers/STM32F4xx_HAL_Driver/Src/stm32f4xx_hal_tim.o
                0x0800471c                HAL_TIM_OC_DelayElapsedCallback
 .text.HAL_TIM_IC_CaptureCallback
                0x08004730       0x14 ./Drivers/STM32F4xx_HAL_Driver/Src/stm32f4xx_hal_tim.o
                0x08004730                HAL_TIM_IC_CaptureCallback
 .text.HAL_TIM_PWM_PulseFinishedCallback
                0x08004744       0x14 ./Drivers/STM32F4xx_HAL_Driver/Src/stm32f4xx_hal_tim.o
                0x08004744                HAL_TIM_PWM_PulseFinishedCallback
 .text.HAL_TIM_TriggerCallback
                0x08004758       0x14 ./Drivers/STM32F4xx_HAL_Driver/Src/stm32f4xx_hal_tim.o
                0x08004758                HAL_TIM_TriggerCallback
 .text.TIM_Base_SetConfig
                0x0800476c      0x14c ./Drivers/STM32F4xx_HAL_Driver/Src/stm32f4xx_hal_tim.o
                0x0800476c                TIM_Base_SetConfig
 .text.HAL_TIMEx_MasterConfigSynchronization
                0x080048b8       0xf8 ./Drivers/STM32F4xx_HAL_Driver/Src/stm32f4xx_hal_tim_ex.o
                0x080048b8                HAL_TIMEx_MasterConfigSynchronization
 .text.HAL_TIMEx_CommutCallback
                0x080049b0       0x14 ./Drivers/STM32F4xx_HAL_Driver/Src/stm32f4xx_hal_tim_ex.o
                0x080049b0                HAL_TIMEx_CommutCallback
 .text.HAL_TIMEx_BreakCallback
                0x080049c4       0x14 ./Drivers/STM32F4xx_HAL_Driver/Src/stm32f4xx_hal_tim_ex.o
                0x080049c4                HAL_TIMEx_BreakCallback
 .text.HAL_UART_Init
                0x080049d8       0xa0 ./Drivers/STM32F4xx_HAL_Driver/Src/stm32f4xx_hal_uart.o
                0x080049d8                HAL_UART_Init
 .text.UART_SetConfig
                0x08004a78      0x4e8 ./Drivers/STM32F4xx_HAL_Driver/Src/stm32f4xx_hal_uart.o
 .text.arm_power_f32
                0x08004f60       0x6c C:\Users\TRETEC\STM32CubeIDE\workspace_1.19.0\DSP2025\Drivers\CMSIS\Lib\GCC\libarm_cortexM4lf_math.a(arm_power_f32.o)
                0x08004f60                arm_power_f32
 .text.arm_fir_init_f32
                0x08004fcc       0x24 C:\Users\TRETEC\STM32CubeIDE\workspace_1.19.0\DSP2025\Drivers\CMSIS\Lib\GCC\libarm_cortexM4lf_math.a(arm_fir_init_f32.o)
                0x08004fcc                arm_fir_init_f32
 .text.arm_fir_f32
                0x08004ff0      0x490 C:\Users\TRETEC\STM32CubeIDE\workspace_1.19.0\DSP2025\Drivers\CMSIS\Lib\GCC\libarm_cortexM4lf_math.a(arm_fir_f32.o)
                0x08004ff0                arm_fir_f32
 .text.arm_offset_f32
                0x08005480       0x68 C:\Users\TRETEC\STM32CubeIDE\workspace_1.19.0\DSP2025\Drivers\CMSIS\Lib\GCC\libarm_cortexM4lf_math.a(arm_offset_f32.o)
                0x08005480                arm_offset_f32
 .text.std      0x080054e8       0x6c C:/ST/STM32CubeIDE_1.19.0/STM32CubeIDE/plugins/com.st.stm32cube.ide.mcu.externaltools.gnu-tools-for-stm32.13.3.rel1.win32_1.0.0.202411081344/tools/bin/../lib/gcc/arm-none-eabi/13.3.1/../../../../arm-none-eabi/lib/thumb/v7e-m+fp/hard\libc_nano.a(libc_a-findfp.o)
 .text.stdio_exit_handler
                0x08005554       0x18 C:/ST/STM32CubeIDE_1.19.0/STM32CubeIDE/plugins/com.st.stm32cube.ide.mcu.externaltools.gnu-tools-for-stm32.13.3.rel1.win32_1.0.0.202411081344/tools/bin/../lib/gcc/arm-none-eabi/13.3.1/../../../../arm-none-eabi/lib/thumb/v7e-m+fp/hard\libc_nano.a(libc_a-findfp.o)
 .text.cleanup_stdio
                0x0800556c       0x40 C:/ST/STM32CubeIDE_1.19.0/STM32CubeIDE/plugins/com.st.stm32cube.ide.mcu.externaltools.gnu-tools-for-stm32.13.3.rel1.win32_1.0.0.202411081344/tools/bin/../lib/gcc/arm-none-eabi/13.3.1/../../../../arm-none-eabi/lib/thumb/v7e-m+fp/hard\libc_nano.a(libc_a-findfp.o)
 .text.global_stdio_init.part.0
                0x080055ac       0x3c C:/ST/STM32CubeIDE_1.19.0/STM32CubeIDE/plugins/com.st.stm32cube.ide.mcu.externaltools.gnu-tools-for-stm32.13.3.rel1.win32_1.0.0.202411081344/tools/bin/../lib/gcc/arm-none-eabi/13.3.1/../../../../arm-none-eabi/lib/thumb/v7e-m+fp/hard\libc_nano.a(libc_a-findfp.o)
 .text.__sfp_lock_acquire
                0x080055e8        0xc C:/ST/STM32CubeIDE_1.19.0/STM32CubeIDE/plugins/com.st.stm32cube.ide.mcu.externaltools.gnu-tools-for-stm32.13.3.rel1.win32_1.0.0.202411081344/tools/bin/../lib/gcc/arm-none-eabi/13.3.1/../../../../arm-none-eabi/lib/thumb/v7e-m+fp/hard\libc_nano.a(libc_a-findfp.o)
                0x080055e8                __sfp_lock_acquire
 .text.__sfp_lock_release
                0x080055f4        0xc C:/ST/STM32CubeIDE_1.19.0/STM32CubeIDE/plugins/com.st.stm32cube.ide.mcu.externaltools.gnu-tools-for-stm32.13.3.rel1.win32_1.0.0.202411081344/tools/bin/../lib/gcc/arm-none-eabi/13.3.1/../../../../arm-none-eabi/lib/thumb/v7e-m+fp/hard\libc_nano.a(libc_a-findfp.o)
                0x080055f4                __sfp_lock_release
 .text.__sinit  0x08005600       0x30 C:/ST/STM32CubeIDE_1.19.0/STM32CubeIDE/plugins/com.st.stm32cube.ide.mcu.externaltools.gnu-tools-for-stm32.13.3.rel1.win32_1.0.0.202411081344/tools/bin/../lib/gcc/arm-none-eabi/13.3.1/../../../../arm-none-eabi/lib/thumb/v7e-m+fp/hard\libc_nano.a(libc_a-findfp.o)
                0x08005600                __sinit
 .text._fwalk_sglue
                0x08005630       0x3c C:/ST/STM32CubeIDE_1.19.0/STM32CubeIDE/plugins/com.st.stm32cube.ide.mcu.externaltools.gnu-tools-for-stm32.13.3.rel1.win32_1.0.0.202411081344/tools/bin/../lib/gcc/arm-none-eabi/13.3.1/../../../../arm-none-eabi/lib/thumb/v7e-m+fp/hard\libc_nano.a(libc_a-fwalk.o)
                0x08005630                _fwalk_sglue
 .text.printf   0x0800566c       0x24 C:/ST/STM32CubeIDE_1.19.0/STM32CubeIDE/plugins/com.st.stm32cube.ide.mcu.externaltools.gnu-tools-for-stm32.13.3.rel1.win32_1.0.0.202411081344/tools/bin/../lib/gcc/arm-none-eabi/13.3.1/../../../../arm-none-eabi/lib/thumb/v7e-m+fp/hard\libc_nano.a(libc_a-printf.o)
                0x0800566c                iprintf
                0x0800566c                printf
 .text.__sread  0x08005690       0x22 C:/ST/STM32CubeIDE_1.19.0/STM32CubeIDE/plugins/com.st.stm32cube.ide.mcu.externaltools.gnu-tools-for-stm32.13.3.rel1.win32_1.0.0.202411081344/tools/bin/../lib/gcc/arm-none-eabi/13.3.1/../../../../arm-none-eabi/lib/thumb/v7e-m+fp/hard\libc_nano.a(libc_a-stdio.o)
                0x08005690                __sread
 .text.__swrite
                0x080056b2       0x38 C:/ST/STM32CubeIDE_1.19.0/STM32CubeIDE/plugins/com.st.stm32cube.ide.mcu.externaltools.gnu-tools-for-stm32.13.3.rel1.win32_1.0.0.202411081344/tools/bin/../lib/gcc/arm-none-eabi/13.3.1/../../../../arm-none-eabi/lib/thumb/v7e-m+fp/hard\libc_nano.a(libc_a-stdio.o)
                0x080056b2                __swrite
 .text.__sseek  0x080056ea       0x24 C:/ST/STM32CubeIDE_1.19.0/STM32CubeIDE/plugins/com.st.stm32cube.ide.mcu.externaltools.gnu-tools-for-stm32.13.3.rel1.win32_1.0.0.202411081344/tools/bin/../lib/gcc/arm-none-eabi/13.3.1/../../../../arm-none-eabi/lib/thumb/v7e-m+fp/hard\libc_nano.a(libc_a-stdio.o)
                0x080056ea                __sseek
 .text.__sclose
                0x0800570e        0x8 C:/ST/STM32CubeIDE_1.19.0/STM32CubeIDE/plugins/com.st.stm32cube.ide.mcu.externaltools.gnu-tools-for-stm32.13.3.rel1.win32_1.0.0.202411081344/tools/bin/../lib/gcc/arm-none-eabi/13.3.1/../../../../arm-none-eabi/lib/thumb/v7e-m+fp/hard\libc_nano.a(libc_a-stdio.o)
                0x0800570e                __sclose
 .text.memset   0x08005716       0x10 C:/ST/STM32CubeIDE_1.19.0/STM32CubeIDE/plugins/com.st.stm32cube.ide.mcu.externaltools.gnu-tools-for-stm32.13.3.rel1.win32_1.0.0.202411081344/tools/bin/../lib/gcc/arm-none-eabi/13.3.1/../../../../arm-none-eabi/lib/thumb/v7e-m+fp/hard\libc_nano.a(libc_a-memset.o)
                0x08005716                memset
 *fill*         0x08005726        0x2 
 .text._close_r
                0x08005728       0x20 C:/ST/STM32CubeIDE_1.19.0/STM32CubeIDE/plugins/com.st.stm32cube.ide.mcu.externaltools.gnu-tools-for-stm32.13.3.rel1.win32_1.0.0.202411081344/tools/bin/../lib/gcc/arm-none-eabi/13.3.1/../../../../arm-none-eabi/lib/thumb/v7e-m+fp/hard\libc_nano.a(libc_a-closer.o)
                0x08005728                _close_r
 .text._lseek_r
                0x08005748       0x24 C:/ST/STM32CubeIDE_1.19.0/STM32CubeIDE/plugins/com.st.stm32cube.ide.mcu.externaltools.gnu-tools-for-stm32.13.3.rel1.win32_1.0.0.202411081344/tools/bin/../lib/gcc/arm-none-eabi/13.3.1/../../../../arm-none-eabi/lib/thumb/v7e-m+fp/hard\libc_nano.a(libc_a-lseekr.o)
                0x08005748                _lseek_r
 .text._read_r  0x0800576c       0x24 C:/ST/STM32CubeIDE_1.19.0/STM32CubeIDE/plugins/com.st.stm32cube.ide.mcu.externaltools.gnu-tools-for-stm32.13.3.rel1.win32_1.0.0.202411081344/tools/bin/../lib/gcc/arm-none-eabi/13.3.1/../../../../arm-none-eabi/lib/thumb/v7e-m+fp/hard\libc_nano.a(libc_a-readr.o)
                0x0800576c                _read_r
 .text._write_r
                0x08005790       0x24 C:/ST/STM32CubeIDE_1.19.0/STM32CubeIDE/plugins/com.st.stm32cube.ide.mcu.externaltools.gnu-tools-for-stm32.13.3.rel1.win32_1.0.0.202411081344/tools/bin/../lib/gcc/arm-none-eabi/13.3.1/../../../../arm-none-eabi/lib/thumb/v7e-m+fp/hard\libc_nano.a(libc_a-writer.o)
                0x08005790                _write_r
 .text.__errno  0x080057b4        0xc C:/ST/STM32CubeIDE_1.19.0/STM32CubeIDE/plugins/com.st.stm32cube.ide.mcu.externaltools.gnu-tools-for-stm32.13.3.rel1.win32_1.0.0.202411081344/tools/bin/../lib/gcc/arm-none-eabi/13.3.1/../../../../arm-none-eabi/lib/thumb/v7e-m+fp/hard\libc_nano.a(libc_a-errno.o)
                0x080057b4                __errno
 .text.__libc_init_array
                0x080057c0       0x48 C:/ST/STM32CubeIDE_1.19.0/STM32CubeIDE/plugins/com.st.stm32cube.ide.mcu.externaltools.gnu-tools-for-stm32.13.3.rel1.win32_1.0.0.202411081344/tools/bin/../lib/gcc/arm-none-eabi/13.3.1/../../../../arm-none-eabi/lib/thumb/v7e-m+fp/hard\libc_nano.a(libc_a-init.o)
                0x080057c0                __libc_init_array
 .text.__retarget_lock_init_recursive
                0x08005808        0x2 C:/ST/STM32CubeIDE_1.19.0/STM32CubeIDE/plugins/com.st.stm32cube.ide.mcu.externaltools.gnu-tools-for-stm32.13.3.rel1.win32_1.0.0.202411081344/tools/bin/../lib/gcc/arm-none-eabi/13.3.1/../../../../arm-none-eabi/lib/thumb/v7e-m+fp/hard\libc_nano.a(libc_a-lock.o)
                0x08005808                __retarget_lock_init_recursive
 .text.__retarget_lock_acquire_recursive
                0x0800580a        0x2 C:/ST/STM32CubeIDE_1.19.0/STM32CubeIDE/plugins/com.st.stm32cube.ide.mcu.externaltools.gnu-tools-for-stm32.13.3.rel1.win32_1.0.0.202411081344/tools/bin/../lib/gcc/arm-none-eabi/13.3.1/../../../../arm-none-eabi/lib/thumb/v7e-m+fp/hard\libc_nano.a(libc_a-lock.o)
                0x0800580a                __retarget_lock_acquire_recursive
 .text.__retarget_lock_release_recursive
                0x0800580c        0x2 C:/ST/STM32CubeIDE_1.19.0/STM32CubeIDE/plugins/com.st.stm32cube.ide.mcu.externaltools.gnu-tools-for-stm32.13.3.rel1.win32_1.0.0.202411081344/tools/bin/../lib/gcc/arm-none-eabi/13.3.1/../../../../arm-none-eabi/lib/thumb/v7e-m+fp/hard\libc_nano.a(libc_a-lock.o)
                0x0800580c                __retarget_lock_release_recursive
 *fill*         0x0800580e        0x2 
 .text._free_r  0x08005810       0x94 C:/ST/STM32CubeIDE_1.19.0/STM32CubeIDE/plugins/com.st.stm32cube.ide.mcu.externaltools.gnu-tools-for-stm32.13.3.rel1.win32_1.0.0.202411081344/tools/bin/../lib/gcc/arm-none-eabi/13.3.1/../../../../arm-none-eabi/lib/thumb/v7e-m+fp/hard\libc_nano.a(libc_a-freer.o)
                0x08005810                _free_r
 .text.sbrk_aligned
                0x080058a4       0x44 C:/ST/STM32CubeIDE_1.19.0/STM32CubeIDE/plugins/com.st.stm32cube.ide.mcu.externaltools.gnu-tools-for-stm32.13.3.rel1.win32_1.0.0.202411081344/tools/bin/../lib/gcc/arm-none-eabi/13.3.1/../../../../arm-none-eabi/lib/thumb/v7e-m+fp/hard\libc_nano.a(libc_a-mallocr.o)
 .text._malloc_r
                0x080058e8      0x100 C:/ST/STM32CubeIDE_1.19.0/STM32CubeIDE/plugins/com.st.stm32cube.ide.mcu.externaltools.gnu-tools-for-stm32.13.3.rel1.win32_1.0.0.202411081344/tools/bin/../lib/gcc/arm-none-eabi/13.3.1/../../../../arm-none-eabi/lib/thumb/v7e-m+fp/hard\libc_nano.a(libc_a-mallocr.o)
                0x080058e8                _malloc_r
 .text.__malloc_lock
                0x080059e8        0xc C:/ST/STM32CubeIDE_1.19.0/STM32CubeIDE/plugins/com.st.stm32cube.ide.mcu.externaltools.gnu-tools-for-stm32.13.3.rel1.win32_1.0.0.202411081344/tools/bin/../lib/gcc/arm-none-eabi/13.3.1/../../../../arm-none-eabi/lib/thumb/v7e-m+fp/hard\libc_nano.a(libc_a-mlock.o)
                0x080059e8                __malloc_lock
 .text.__malloc_unlock
                0x080059f4        0xc C:/ST/STM32CubeIDE_1.19.0/STM32CubeIDE/plugins/com.st.stm32cube.ide.mcu.externaltools.gnu-tools-for-stm32.13.3.rel1.win32_1.0.0.202411081344/tools/bin/../lib/gcc/arm-none-eabi/13.3.1/../../../../arm-none-eabi/lib/thumb/v7e-m+fp/hard\libc_nano.a(libc_a-mlock.o)
                0x080059f4                __malloc_unlock
 .text.__sfputc_r
                0x08005a00       0x2e C:/ST/STM32CubeIDE_1.19.0/STM32CubeIDE/plugins/com.st.stm32cube.ide.mcu.externaltools.gnu-tools-for-stm32.13.3.rel1.win32_1.0.0.202411081344/tools/bin/../lib/gcc/arm-none-eabi/13.3.1/../../../../arm-none-eabi/lib/thumb/v7e-m+fp/hard\libc_nano.a(libc_a-nano-vfprintf.o)
 .text.__sfputs_r
                0x08005a2e       0x24 C:/ST/STM32CubeIDE_1.19.0/STM32CubeIDE/plugins/com.st.stm32cube.ide.mcu.externaltools.gnu-tools-for-stm32.13.3.rel1.win32_1.0.0.202411081344/tools/bin/../lib/gcc/arm-none-eabi/13.3.1/../../../../arm-none-eabi/lib/thumb/v7e-m+fp/hard\libc_nano.a(libc_a-nano-vfprintf.o)
                0x08005a2e                __sfputs_r
 *fill*         0x08005a52        0x2 
 .text._vfprintf_r
                0x08005a54      0x230 C:/ST/STM32CubeIDE_1.19.0/STM32CubeIDE/plugins/com.st.stm32cube.ide.mcu.externaltools.gnu-tools-for-stm32.13.3.rel1.win32_1.0.0.202411081344/tools/bin/../lib/gcc/arm-none-eabi/13.3.1/../../../../arm-none-eabi/lib/thumb/v7e-m+fp/hard\libc_nano.a(libc_a-nano-vfprintf.o)
                0x08005a54                _vfprintf_r
                0x08005a54                _vfiprintf_r
 .text._printf_common
                0x08005c84       0xda C:/ST/STM32CubeIDE_1.19.0/STM32CubeIDE/plugins/com.st.stm32cube.ide.mcu.externaltools.gnu-tools-for-stm32.13.3.rel1.win32_1.0.0.202411081344/tools/bin/../lib/gcc/arm-none-eabi/13.3.1/../../../../arm-none-eabi/lib/thumb/v7e-m+fp/hard\libc_nano.a(libc_a-nano-vfprintf_i.o)
                0x08005c84                _printf_common
 *fill*         0x08005d5e        0x2 
 .text._printf_i
                0x08005d60      0x23c C:/ST/STM32CubeIDE_1.19.0/STM32CubeIDE/plugins/com.st.stm32cube.ide.mcu.externaltools.gnu-tools-for-stm32.13.3.rel1.win32_1.0.0.202411081344/tools/bin/../lib/gcc/arm-none-eabi/13.3.1/../../../../arm-none-eabi/lib/thumb/v7e-m+fp/hard\libc_nano.a(libc_a-nano-vfprintf_i.o)
                0x08005d60                _printf_i
 .text.__sflush_r
                0x08005f9c      0x108 C:/ST/STM32CubeIDE_1.19.0/STM32CubeIDE/plugins/com.st.stm32cube.ide.mcu.externaltools.gnu-tools-for-stm32.13.3.rel1.win32_1.0.0.202411081344/tools/bin/../lib/gcc/arm-none-eabi/13.3.1/../../../../arm-none-eabi/lib/thumb/v7e-m+fp/hard\libc_nano.a(libc_a-fflush.o)
                0x08005f9c                __sflush_r
 .text._fflush_r
                0x080060a4       0x50 C:/ST/STM32CubeIDE_1.19.0/STM32CubeIDE/plugins/com.st.stm32cube.ide.mcu.externaltools.gnu-tools-for-stm32.13.3.rel1.win32_1.0.0.202411081344/tools/bin/../lib/gcc/arm-none-eabi/13.3.1/../../../../arm-none-eabi/lib/thumb/v7e-m+fp/hard\libc_nano.a(libc_a-fflush.o)
                0x080060a4                _fflush_r
 .text.__swbuf_r
                0x080060f4       0x7c C:/ST/STM32CubeIDE_1.19.0/STM32CubeIDE/plugins/com.st.stm32cube.ide.mcu.externaltools.gnu-tools-for-stm32.13.3.rel1.win32_1.0.0.202411081344/tools/bin/../lib/gcc/arm-none-eabi/13.3.1/../../../../arm-none-eabi/lib/thumb/v7e-m+fp/hard\libc_nano.a(libc_a-wbuf.o)
                0x080060f4                __swbuf_r
 .text.__swsetup_r
                0x08006170       0xac C:/ST/STM32CubeIDE_1.19.0/STM32CubeIDE/plugins/com.st.stm32cube.ide.mcu.externaltools.gnu-tools-for-stm32.13.3.rel1.win32_1.0.0.202411081344/tools/bin/../lib/gcc/arm-none-eabi/13.3.1/../../../../arm-none-eabi/lib/thumb/v7e-m+fp/hard\libc_nano.a(libc_a-wsetup.o)
                0x08006170                __swsetup_r
 .text._sbrk_r  0x0800621c       0x20 C:/ST/STM32CubeIDE_1.19.0/STM32CubeIDE/plugins/com.st.stm32cube.ide.mcu.externaltools.gnu-tools-for-stm32.13.3.rel1.win32_1.0.0.202411081344/tools/bin/../lib/gcc/arm-none-eabi/13.3.1/../../../../arm-none-eabi/lib/thumb/v7e-m+fp/hard\libc_nano.a(libc_a-sbrkr.o)
                0x0800621c                _sbrk_r
 .text.__swhatbuf_r
                0x0800623c       0x4c C:/ST/STM32CubeIDE_1.19.0/STM32CubeIDE/plugins/com.st.stm32cube.ide.mcu.externaltools.gnu-tools-for-stm32.13.3.rel1.win32_1.0.0.202411081344/tools/bin/../lib/gcc/arm-none-eabi/13.3.1/../../../../arm-none-eabi/lib/thumb/v7e-m+fp/hard\libc_nano.a(libc_a-makebuf.o)
                0x0800623c                __swhatbuf_r
 .text.__smakebuf_r
                0x08006288       0x78 C:/ST/STM32CubeIDE_1.19.0/STM32CubeIDE/plugins/com.st.stm32cube.ide.mcu.externaltools.gnu-tools-for-stm32.13.3.rel1.win32_1.0.0.202411081344/tools/bin/../lib/gcc/arm-none-eabi/13.3.1/../../../../arm-none-eabi/lib/thumb/v7e-m+fp/hard\libc_nano.a(libc_a-makebuf.o)
                0x08006288                __smakebuf_r
 .text._fstat_r
                0x08006300       0x24 C:/ST/STM32CubeIDE_1.19.0/STM32CubeIDE/plugins/com.st.stm32cube.ide.mcu.externaltools.gnu-tools-for-stm32.13.3.rel1.win32_1.0.0.202411081344/tools/bin/../lib/gcc/arm-none-eabi/13.3.1/../../../../arm-none-eabi/lib/thumb/v7e-m+fp/hard\libc_nano.a(libc_a-fstatr.o)
                0x08006300                _fstat_r
 .text._isatty_r
                0x08006324       0x20 C:/ST/STM32CubeIDE_1.19.0/STM32CubeIDE/plugins/com.st.stm32cube.ide.mcu.externaltools.gnu-tools-for-stm32.13.3.rel1.win32_1.0.0.202411081344/tools/bin/../lib/gcc/arm-none-eabi/13.3.1/../../../../arm-none-eabi/lib/thumb/v7e-m+fp/hard\libc_nano.a(libc_a-isattyr.o)
                0x08006324                _isatty_r
 *fill*         0x08006344        0x4 
 .text.log10    0x08006348       0x7c C:/ST/STM32CubeIDE_1.19.0/STM32CubeIDE/plugins/com.st.stm32cube.ide.mcu.externaltools.gnu-tools-for-stm32.13.3.rel1.win32_1.0.0.202411081344/tools/bin/../lib/gcc/arm-none-eabi/13.3.1/../../../../arm-none-eabi/lib/thumb/v7e-m+fp/hard\libm.a(libm_a-w_log10.o)
                0x08006348                log10
 *fill*         0x080063c4        0x4 
 .text.nan      0x080063c8       0x10 C:/ST/STM32CubeIDE_1.19.0/STM32CubeIDE/plugins/com.st.stm32cube.ide.mcu.externaltools.gnu-tools-for-stm32.13.3.rel1.win32_1.0.0.202411081344/tools/bin/../lib/gcc/arm-none-eabi/13.3.1/../../../../arm-none-eabi/lib/thumb/v7e-m+fp/hard\libm.a(libm_a-s_nan.o)
                0x080063c8                nan
 .text.__ieee754_log10
                0x080063d8      0x114 C:/ST/STM32CubeIDE_1.19.0/STM32CubeIDE/plugins/com.st.stm32cube.ide.mcu.externaltools.gnu-tools-for-stm32.13.3.rel1.win32_1.0.0.202411081344/tools/bin/../lib/gcc/arm-none-eabi/13.3.1/../../../../arm-none-eabi/lib/thumb/v7e-m+fp/hard\libm.a(libm_a-e_log10.o)
                0x080063d8                __ieee754_log10
 *fill*         0x080064ec        0x4 
 .text.__ieee754_log
                0x080064f0      0x36c C:/ST/STM32CubeIDE_1.19.0/STM32CubeIDE/plugins/com.st.stm32cube.ide.mcu.externaltools.gnu-tools-for-stm32.13.3.rel1.win32_1.0.0.202411081344/tools/bin/../lib/gcc/arm-none-eabi/13.3.1/../../../../arm-none-eabi/lib/thumb/v7e-m+fp/hard\libm.a(libm_a-e_log.o)
                0x080064f0                __ieee754_log
 *(.glue_7)
 .glue_7        0x0800685c        0x0 linker stubs
 *(.glue_7t)
 .glue_7t       0x0800685c        0x0 linker stubs
 *(.eh_frame)
 .eh_frame      0x0800685c        0x0 C:/ST/STM32CubeIDE_1.19.0/STM32CubeIDE/plugins/com.st.stm32cube.ide.mcu.externaltools.gnu-tools-for-stm32.13.3.rel1.win32_1.0.0.202411081344/tools/bin/../lib/gcc/arm-none-eabi/13.3.1/thumb/v7e-m+fp/hard/crtbegin.o
 *(.init)
 .init          0x0800685c        0x4 C:/ST/STM32CubeIDE_1.19.0/STM32CubeIDE/plugins/com.st.stm32cube.ide.mcu.externaltools.gnu-tools-for-stm32.13.3.rel1.win32_1.0.0.202411081344/tools/bin/../lib/gcc/arm-none-eabi/13.3.1/thumb/v7e-m+fp/hard/crti.o
                0x0800685c                _init
 .init          0x08006860        0x8 C:/ST/STM32CubeIDE_1.19.0/STM32CubeIDE/plugins/com.st.stm32cube.ide.mcu.externaltools.gnu-tools-for-stm32.13.3.rel1.win32_1.0.0.202411081344/tools/bin/../lib/gcc/arm-none-eabi/13.3.1/thumb/v7e-m+fp/hard/crtn.o
 *(.fini)
 .fini          0x08006868        0x4 C:/ST/STM32CubeIDE_1.19.0/STM32CubeIDE/plugins/com.st.stm32cube.ide.mcu.externaltools.gnu-tools-for-stm32.13.3.rel1.win32_1.0.0.202411081344/tools/bin/../lib/gcc/arm-none-eabi/13.3.1/thumb/v7e-m+fp/hard/crti.o
                0x08006868                _fini
 .fini          0x0800686c        0x8 C:/ST/STM32CubeIDE_1.19.0/STM32CubeIDE/plugins/com.st.stm32cube.ide.mcu.externaltools.gnu-tools-for-stm32.13.3.rel1.win32_1.0.0.202411081344/tools/bin/../lib/gcc/arm-none-eabi/13.3.1/thumb/v7e-m+fp/hard/crtn.o
                0x08006874                        . = ALIGN (0x4)
                0x08006874                        _etext = .

.vfp11_veneer   0x08006874        0x0
 .vfp11_veneer  0x08006874        0x0 linker stubs

.v4_bx          0x08006874        0x0
 .v4_bx         0x08006874        0x0 linker stubs

.iplt           0x08006874        0x0
 .iplt          0x08006874        0x0 C:/ST/STM32CubeIDE_1.19.0/STM32CubeIDE/plugins/com.st.stm32cube.ide.mcu.externaltools.gnu-tools-for-stm32.13.3.rel1.win32_1.0.0.202411081344/tools/bin/../lib/gcc/arm-none-eabi/13.3.1/thumb/v7e-m+fp/hard/crtbegin.o

.rodata         0x08006874      0x144
                0x08006874                        . = ALIGN (0x4)
 *(.rodata)
 .rodata        0x08006874       0x7a ./Core/Src/main.o
 *(.rodata*)
 *fill*         0x080068ee        0x2 
 .rodata.firCoeffs32
                0x080068f0       0x74 ./Core/Src/main.o
                0x080068f0                firCoeffs32
 .rodata.AHBPrescTable
                0x08006964       0x10 ./Core/Src/system_stm32f4xx.o
                0x08006964                AHBPrescTable
 .rodata.APBPrescTable
                0x08006974        0x8 ./Core/Src/system_stm32f4xx.o
                0x08006974                APBPrescTable
 .rodata.flagBitshiftOffset.0
                0x0800697c        0x8 ./Drivers/STM32F4xx_HAL_Driver/Src/stm32f4xx_hal_dma.o
 .rodata._vfprintf_r.str1.1
                0x08006984       0x33 C:/ST/STM32CubeIDE_1.19.0/STM32CubeIDE/plugins/com.st.stm32cube.ide.mcu.externaltools.gnu-tools-for-stm32.13.3.rel1.win32_1.0.0.202411081344/tools/bin/../lib/gcc/arm-none-eabi/13.3.1/../../../../arm-none-eabi/lib/thumb/v7e-m+fp/hard\libc_nano.a(libc_a-nano-vfprintf.o)
                                 0x11 (size before relaxing)
 .rodata._printf_i.str1.1
                0x080069b7       0x22 C:/ST/STM32CubeIDE_1.19.0/STM32CubeIDE/plugins/com.st.stm32cube.ide.mcu.externaltools.gnu-tools-for-stm32.13.3.rel1.win32_1.0.0.202411081344/tools/bin/../lib/gcc/arm-none-eabi/13.3.1/../../../../arm-none-eabi/lib/thumb/v7e-m+fp/hard\libc_nano.a(libc_a-nano-vfprintf_i.o)
 .rodata.log10.str1.1
                0x080069b7        0x1 C:/ST/STM32CubeIDE_1.19.0/STM32CubeIDE/plugins/com.st.stm32cube.ide.mcu.externaltools.gnu-tools-for-stm32.13.3.rel1.win32_1.0.0.202411081344/tools/bin/../lib/gcc/arm-none-eabi/13.3.1/../../../../arm-none-eabi/lib/thumb/v7e-m+fp/hard\libm.a(libm_a-w_log10.o)
                0x080069dc                        . = ALIGN (0x4)
 *fill*         0x080069b7        0x1 

.ARM.extab      0x080069b8        0x0
                0x080069b8                        . = ALIGN (0x4)
 *(.ARM.extab* .gnu.linkonce.armextab.*)
                0x080069b8                        . = ALIGN (0x4)

.ARM            0x080069b8        0x8
                0x080069b8                        . = ALIGN (0x4)
                0x080069b8                        __exidx_start = .
 *(.ARM.exidx*)
 .ARM.exidx     0x080069b8        0x8 C:/ST/STM32CubeIDE_1.19.0/STM32CubeIDE/plugins/com.st.stm32cube.ide.mcu.externaltools.gnu-tools-for-stm32.13.3.rel1.win32_1.0.0.202411081344/tools/bin/../lib/gcc/arm-none-eabi/13.3.1/thumb/v7e-m+fp/hard\libgcc.a(_udivmoddi4.o)
 .ARM.exidx     0x080069c0        0x0 C:/ST/STM32CubeIDE_1.19.0/STM32CubeIDE/plugins/com.st.stm32cube.ide.mcu.externaltools.gnu-tools-for-stm32.13.3.rel1.win32_1.0.0.202411081344/tools/bin/../lib/gcc/arm-none-eabi/13.3.1/../../../../arm-none-eabi/lib/thumb/v7e-m+fp/hard\libc_nano.a(libc_a-memchr.o)
                                  0x8 (size before relaxing)
                0x080069c0                        __exidx_end = .
                0x080069c0                        . = ALIGN (0x4)

.preinit_array  0x080069c0        0x0
                0x080069c0                        . = ALIGN (0x4)
                0x080069c0                        PROVIDE (__preinit_array_start = .)
 *(.preinit_array*)
                0x080069c0                        PROVIDE (__preinit_array_end = .)
                0x080069c0                        . = ALIGN (0x4)

.init_array     0x080069c0        0x4
                0x080069c0                        . = ALIGN (0x4)
                0x080069c0                        PROVIDE (__init_array_start = .)
 *(SORT_BY_NAME(.init_array.*))
 *(.init_array*)
 .init_array    0x080069c0        0x4 C:/ST/STM32CubeIDE_1.19.0/STM32CubeIDE/plugins/com.st.stm32cube.ide.mcu.externaltools.gnu-tools-for-stm32.13.3.rel1.win32_1.0.0.202411081344/tools/bin/../lib/gcc/arm-none-eabi/13.3.1/thumb/v7e-m+fp/hard/crtbegin.o
                0x080069c4                        PROVIDE (__init_array_end = .)
                0x080069c4                        . = ALIGN (0x4)

.fini_array     0x080069c4        0x4
                0x080069c4                        . = ALIGN (0x4)
                [!provide]                        PROVIDE (__fini_array_start = .)
 *(SORT_BY_NAME(.fini_array.*))
 *(.fini_array*)
 .fini_array    0x080069c4        0x4 C:/ST/STM32CubeIDE_1.19.0/STM32CubeIDE/plugins/com.st.stm32cube.ide.mcu.externaltools.gnu-tools-for-stm32.13.3.rel1.win32_1.0.0.202411081344/tools/bin/../lib/gcc/arm-none-eabi/13.3.1/thumb/v7e-m+fp/hard/crtbegin.o
                [!provide]                        PROVIDE (__fini_array_end = .)
                0x080069c8                        . = ALIGN (0x4)
                0x080069c8                        _sidata = LOADADDR (.data)

.rel.dyn        0x080069c8        0x0
 .rel.iplt      0x080069c8        0x0 C:/ST/STM32CubeIDE_1.19.0/STM32CubeIDE/plugins/com.st.stm32cube.ide.mcu.externaltools.gnu-tools-for-stm32.13.3.rel1.win32_1.0.0.202411081344/tools/bin/../lib/gcc/arm-none-eabi/13.3.1/thumb/v7e-m+fp/hard/crtbegin.o

.data           0x20000000      0xf70 load address 0x080069c8
                0x20000000                        . = ALIGN (0x4)
                0x20000000                        _sdata = .
 *(.data)
 *(.data*)
 .data.testInput_f32_1kHz_15kHz
                0x20000000      0x500 ./Core/Src/arm_fir_data.o
                0x20000000                testInput_f32_1kHz_15kHz
 .data.refOutput
                0x20000500      0x500 ./Core/Src/arm_fir_data.o
                0x20000500                refOutput
 .data.clapInput
                0x20000a00      0x500 ./Core/Src/clap_data.o
                0x20000a00                clapInput
 .data.blockSize
                0x20000f00        0x4 ./Core/Src/main.o
                0x20000f00                blockSize
 .data.numBlocks
                0x20000f04        0x4 ./Core/Src/main.o
                0x20000f04                numBlocks
 .data.SystemCoreClock
                0x20000f08        0x4 ./Core/Src/system_stm32f4xx.o
                0x20000f08                SystemCoreClock
 .data.uwTickPrio
                0x20000f0c        0x4 ./Drivers/STM32F4xx_HAL_Driver/Src/stm32f4xx_hal.o
                0x20000f0c                uwTickPrio
 .data.uwTickFreq
                0x20000f10        0x1 ./Drivers/STM32F4xx_HAL_Driver/Src/stm32f4xx_hal.o
                0x20000f10                uwTickFreq
 *fill*         0x20000f11        0x3 
 .data.__sglue  0x20000f14        0xc C:/ST/STM32CubeIDE_1.19.0/STM32CubeIDE/plugins/com.st.stm32cube.ide.mcu.externaltools.gnu-tools-for-stm32.13.3.rel1.win32_1.0.0.202411081344/tools/bin/../lib/gcc/arm-none-eabi/13.3.1/../../../../arm-none-eabi/lib/thumb/v7e-m+fp/hard\libc_nano.a(libc_a-findfp.o)
                0x20000f14                __sglue
 .data._impure_ptr
                0x20000f20        0x4 C:/ST/STM32CubeIDE_1.19.0/STM32CubeIDE/plugins/com.st.stm32cube.ide.mcu.externaltools.gnu-tools-for-stm32.13.3.rel1.win32_1.0.0.202411081344/tools/bin/../lib/gcc/arm-none-eabi/13.3.1/../../../../arm-none-eabi/lib/thumb/v7e-m+fp/hard\libc_nano.a(libc_a-impure.o)
                0x20000f20                _impure_ptr
 .data._impure_data
                0x20000f24       0x4c C:/ST/STM32CubeIDE_1.19.0/STM32CubeIDE/plugins/com.st.stm32cube.ide.mcu.externaltools.gnu-tools-for-stm32.13.3.rel1.win32_1.0.0.202411081344/tools/bin/../lib/gcc/arm-none-eabi/13.3.1/../../../../arm-none-eabi/lib/thumb/v7e-m+fp/hard\libc_nano.a(libc_a-impure.o)
                0x20000f24                _impure_data
 *(.RamFunc)
 *(.RamFunc*)
                0x20000f70                        . = ALIGN (0x4)
                0x20000f70                        _edata = .

.igot.plt       0x20000f70        0x0 load address 0x08007938
 .igot.plt      0x20000f70        0x0 C:/ST/STM32CubeIDE_1.19.0/STM32CubeIDE/plugins/com.st.stm32cube.ide.mcu.externaltools.gnu-tools-for-stm32.13.3.rel1.win32_1.0.0.202411081344/tools/bin/../lib/gcc/arm-none-eabi/13.3.1/thumb/v7e-m+fp/hard/crtbegin.o
                0x20000f70                        . = ALIGN (0x4)

.bss            0x20000f70      0xcf8 load address 0x08007938
                0x20000f70                        _sbss = .
                0x20000f70                        __bss_start__ = _sbss
 *(.bss)
 .bss           0x20000f70       0x1c C:/ST/STM32CubeIDE_1.19.0/STM32CubeIDE/plugins/com.st.stm32cube.ide.mcu.externaltools.gnu-tools-for-stm32.13.3.rel1.win32_1.0.0.202411081344/tools/bin/../lib/gcc/arm-none-eabi/13.3.1/thumb/v7e-m+fp/hard/crtbegin.o
 *(.bss*)
 .bss.hadc1     0x20000f8c       0x48 ./Core/Src/main.o
                0x20000f8c                hadc1
 .bss.hdma_adc1
                0x20000fd4       0x60 ./Core/Src/main.o
                0x20000fd4                hdma_adc1
 .bss.hdac      0x20001034       0x14 ./Core/Src/main.o
                0x20001034                hdac
 .bss.hdma_dac1
                0x20001048       0x60 ./Core/Src/main.o
                0x20001048                hdma_dac1
 .bss.htim7     0x200010a8       0x48 ./Core/Src/main.o
                0x200010a8                htim7
 .bss.huart2    0x200010f0       0x48 ./Core/Src/main.o
                0x200010f0                huart2
 .bss.out12bit  0x20001138      0x280 ./Core/Src/main.o
                0x20001138                out12bit
 .bss.flagSWV   0x200013b8        0x2 ./Core/Src/main.o
                0x200013b8                flagSWV
 .bss.outSWV    0x200013ba        0x2 ./Core/Src/main.o
                0x200013ba                outSWV
 .bss.in12bit   0x200013bc        0x2 ./Core/Src/main.o
                0x200013bc                in12bit
 .bss.inSWV     0x200013be        0x2 ./Core/Src/main.o
                0x200013be                inSWV
 .bss.flagADC   0x200013c0        0x1 ./Core/Src/main.o
                0x200013c0                flagADC
 *fill*         0x200013c1        0x3 
 .bss.realtimeBlock
                0x200013c4       0x80 ./Core/Src/main.o
 .bss.realtimeCentered
                0x20001444       0x80 ./Core/Src/main.o
 .bss.realtimeSampleIndex
                0x200014c4        0x4 ./Core/Src/main.o
                0x200014c4                realtimeSampleIndex
 .bss.realtimeBlockIndex
                0x200014c8        0x4 ./Core/Src/main.o
                0x200014c8                realtimeBlockIndex
 .bss.realtimePower
                0x200014cc        0x4 ./Core/Src/main.o
                0x200014cc                realtimePower
 .bss.realtimeClapDetected
                0x200014d0        0x1 ./Core/Src/main.o
                0x200014d0                realtimeClapDetected
 *fill*         0x200014d1        0x3 
 .bss.realtimeClapCount
                0x200014d4        0x4 ./Core/Src/main.o
                0x200014d4                realtimeClapCount
 .bss.testOutput
                0x200014d8      0x500 ./Core/Src/main.o
 .bss.firStateF32
                0x200019d8       0xf0 ./Core/Src/main.o
 .bss.snr       0x20001ac8        0x4 ./Core/Src/main.o
                0x20001ac8                snr
 .bss.htim10    0x20001acc       0x48 ./Core/Src/stm32f4xx_hal_timebase_tim.o
                0x20001acc                htim10
 .bss.__sbrk_heap_end
                0x20001b14        0x4 ./Core/Src/sysmem.o
 .bss.uwTick    0x20001b18        0x4 ./Drivers/STM32F4xx_HAL_Driver/Src/stm32f4xx_hal.o
                0x20001b18                uwTick
 .bss.__sf      0x20001b1c      0x138 C:/ST/STM32CubeIDE_1.19.0/STM32CubeIDE/plugins/com.st.stm32cube.ide.mcu.externaltools.gnu-tools-for-stm32.13.3.rel1.win32_1.0.0.202411081344/tools/bin/../lib/gcc/arm-none-eabi/13.3.1/../../../../arm-none-eabi/lib/thumb/v7e-m+fp/hard\libc_nano.a(libc_a-findfp.o)
                0x20001b1c                __sf
 .bss.__stdio_exit_handler
                0x20001c54        0x4 C:/ST/STM32CubeIDE_1.19.0/STM32CubeIDE/plugins/com.st.stm32cube.ide.mcu.externaltools.gnu-tools-for-stm32.13.3.rel1.win32_1.0.0.202411081344/tools/bin/../lib/gcc/arm-none-eabi/13.3.1/../../../../arm-none-eabi/lib/thumb/v7e-m+fp/hard\libc_nano.a(libc_a-findfp.o)
                0x20001c54                __stdio_exit_handler
 .bss.errno     0x20001c58        0x4 C:/ST/STM32CubeIDE_1.19.0/STM32CubeIDE/plugins/com.st.stm32cube.ide.mcu.externaltools.gnu-tools-for-stm32.13.3.rel1.win32_1.0.0.202411081344/tools/bin/../lib/gcc/arm-none-eabi/13.3.1/../../../../arm-none-eabi/lib/thumb/v7e-m+fp/hard\libc_nano.a(libc_a-reent.o)
                0x20001c58                errno
 .bss.__lock___malloc_recursive_mutex
                0x20001c5c        0x1 C:/ST/STM32CubeIDE_1.19.0/STM32CubeIDE/plugins/com.st.stm32cube.ide.mcu.externaltools.gnu-tools-for-stm32.13.3.rel1.win32_1.0.0.202411081344/tools/bin/../lib/gcc/arm-none-eabi/13.3.1/../../../../arm-none-eabi/lib/thumb/v7e-m+fp/hard\libc_nano.a(libc_a-lock.o)
                0x20001c5c                __lock___malloc_recursive_mutex
 .bss.__lock___sfp_recursive_mutex
                0x20001c5d        0x1 C:/ST/STM32CubeIDE_1.19.0/STM32CubeIDE/plugins/com.st.stm32cube.ide.mcu.externaltools.gnu-tools-for-stm32.13.3.rel1.win32_1.0.0.202411081344/tools/bin/../lib/gcc/arm-none-eabi/13.3.1/../../../../arm-none-eabi/lib/thumb/v7e-m+fp/hard\libc_nano.a(libc_a-lock.o)
                0x20001c5d                __lock___sfp_recursive_mutex
 *fill*         0x20001c5e        0x2 
 .bss.__malloc_sbrk_start
                0x20001c60        0x4 C:/ST/STM32CubeIDE_1.19.0/STM32CubeIDE/plugins/com.st.stm32cube.ide.mcu.externaltools.gnu-tools-for-stm32.13.3.rel1.win32_1.0.0.202411081344/tools/bin/../lib/gcc/arm-none-eabi/13.3.1/../../../../arm-none-eabi/lib/thumb/v7e-m+fp/hard\libc_nano.a(libc_a-mallocr.o)
                0x20001c60                __malloc_sbrk_start
 .bss.__malloc_free_list
                0x20001c64        0x4 C:/ST/STM32CubeIDE_1.19.0/STM32CubeIDE/plugins/com.st.stm32cube.ide.mcu.externaltools.gnu-tools-for-stm32.13.3.rel1.win32_1.0.0.202411081344/tools/bin/../lib/gcc/arm-none-eabi/13.3.1/../../../../arm-none-eabi/lib/thumb/v7e-m+fp/hard\libc_nano.a(libc_a-mallocr.o)
                0x20001c64                __malloc_free_list
 *(COMMON)
                0x20001c68                        . = ALIGN (0x4)
                0x20001c68                        _ebss = .
                0x20001c68                        __bss_end__ = _ebss

._user_heap_stack
                0x20001c68      0x600 load address 0x08007938
                0x20001c68                        . = ALIGN (0x8)
                [!provide]                        PROVIDE (end = .)
                0x20001c68                        PROVIDE (_end = .)
                0x20001e68                        . = (. + _Min_Heap_Size)
 *fill*         0x20001c68      0x200 
                0x20002268                        . = (. + _Min_Stack_Size)
 *fill*         0x20001e68      0x400 
                0x20002268                        . = ALIGN (0x8)

/DISCARD/
 libc.a(*)
 libm.a(*)
 libgcc.a(*)

.ARM.attributes
                0x00000000       0x2e
 *(.ARM.attributes)
 .ARM.attributes
                0x00000000       0x22 C:/ST/STM32CubeIDE_1.19.0/STM32CubeIDE/plugins/com.st.stm32cube.ide.mcu.externaltools.gnu-tools-for-stm32.13.3.rel1.win32_1.0.0.202411081344/tools/bin/../lib/gcc/arm-none-eabi/13.3.1/thumb/v7e-m+fp/hard/crti.o
 .ARM.attributes
                0x00000022       0x34 C:/ST/STM32CubeIDE_1.19.0/STM32CubeIDE/plugins/com.st.stm32cube.ide.mcu.externaltools.gnu-tools-for-stm32.13.3.rel1.win32_1.0.0.202411081344/tools/bin/../lib/gcc/arm-none-eabi/13.3.1/thumb/v7e-m+fp/hard/crtbegin.o
 .ARM.attributes
                0x00000056       0x34 ./Core/Src/arm_fir_data.o
 .ARM.attributes
                0x0000008a       0x34 ./Core/Src/clap_data.o
 .ARM.attributes
                0x000000be       0x34 ./Core/Src/main.o
 .ARM.attributes
                0x000000f2       0x34 ./Core/Src/math_helper.o
 .ARM.attributes
                0x00000126       0x34 ./Core/Src/stm32f4xx_hal_msp.o
 .ARM.attributes
                0x0000015a       0x34 ./Core/Src/stm32f4xx_hal_timebase_tim.o
 .ARM.attributes
                0x0000018e       0x34 ./Core/Src/stm32f4xx_it.o
 .ARM.attributes
                0x000001c2       0x34 ./Core/Src/syscalls.o
 .ARM.attributes
                0x000001f6       0x34 ./Core/Src/sysmem.o
 .ARM.attributes
                0x0000022a       0x34 ./Core/Src/system_stm32f4xx.o
 .ARM.attributes
                0x0000025e       0x21 ./Core/Startup/startup_stm32f446retx.o
 .ARM.attributes
                0x0000027f       0x34 ./Drivers/STM32F4xx_HAL_Driver/Src/stm32f4xx_hal.o
 .ARM.attributes
                0x000002b3       0x34 ./Drivers/STM32F4xx_HAL_Driver/Src/stm32f4xx_hal_adc.o
 .ARM.attributes
                0x000002e7       0x34 ./Drivers/STM32F4xx_HAL_Driver/Src/stm32f4xx_hal_cortex.o
 .ARM.attributes
                0x0000031b       0x34 ./Drivers/STM32F4xx_HAL_Driver/Src/stm32f4xx_hal_dac.o
 .ARM.attributes
                0x0000034f       0x34 ./Drivers/STM32F4xx_HAL_Driver/Src/stm32f4xx_hal_dac_ex.o
 .ARM.attributes
                0x00000383       0x34 ./Drivers/STM32F4xx_HAL_Driver/Src/stm32f4xx_hal_dma.o
 .ARM.attributes
                0x000003b7       0x34 ./Drivers/STM32F4xx_HAL_Driver/Src/stm32f4xx_hal_gpio.o
 .ARM.attributes
                0x000003eb       0x34 ./Drivers/STM32F4xx_HAL_Driver/Src/stm32f4xx_hal_rcc.o
 .ARM.attributes
                0x0000041f       0x34 ./Drivers/STM32F4xx_HAL_Driver/Src/stm32f4xx_hal_rcc_ex.o
 .ARM.attributes
                0x00000453       0x34 ./Drivers/STM32F4xx_HAL_Driver/Src/stm32f4xx_hal_tim.o
 .ARM.attributes
                0x00000487       0x34 ./Drivers/STM32F4xx_HAL_Driver/Src/stm32f4xx_hal_tim_ex.o
 .ARM.attributes
                0x000004bb       0x34 ./Drivers/STM32F4xx_HAL_Driver/Src/stm32f4xx_hal_uart.o
 .ARM.attributes
                0x000004ef       0x39 C:\Users\TRETEC\STM32CubeIDE\workspace_1.19.0\DSP2025\Drivers\CMSIS\Lib\GCC\libarm_cortexM4lf_math.a(arm_power_f32.o)
 .ARM.attributes
                0x00000528       0x39 C:\Users\TRETEC\STM32CubeIDE\workspace_1.19.0\DSP2025\Drivers\CMSIS\Lib\GCC\libarm_cortexM4lf_math.a(arm_fir_init_f32.o)
 .ARM.attributes
                0x00000561       0x39 C:\Users\TRETEC\STM32CubeIDE\workspace_1.19.0\DSP2025\Drivers\CMSIS\Lib\GCC\libarm_cortexM4lf_math.a(arm_fir_f32.o)
 .ARM.attributes
                0x0000059a       0x39 C:\Users\TRETEC\STM32CubeIDE\workspace_1.19.0\DSP2025\Drivers\CMSIS\Lib\GCC\libarm_cortexM4lf_math.a(arm_offset_f32.o)
 .ARM.attributes
                0x000005d3       0x22 C:/ST/STM32CubeIDE_1.19.0/STM32CubeIDE/plugins/com.st.stm32cube.ide.mcu.externaltools.gnu-tools-for-stm32.13.3.rel1.win32_1.0.0.202411081344/tools/bin/../lib/gcc/arm-none-eabi/13.3.1/thumb/v7e-m+fp/hard\libgcc.a(_arm_addsubdf3.o)
 .ARM.attributes
                0x000005f5       0x22 C:/ST/STM32CubeIDE_1.19.0/STM32CubeIDE/plugins/com.st.stm32cube.ide.mcu.externaltools.gnu-tools-for-stm32.13.3.rel1.win32_1.0.0.202411081344/tools/bin/../lib/gcc/arm-none-eabi/13.3.1/thumb/v7e-m+fp/hard\libgcc.a(_arm_truncdfsf2.o)
 .ARM.attributes
                0x00000617       0x22 C:/ST/STM32CubeIDE_1.19.0/STM32CubeIDE/plugins/com.st.stm32cube.ide.mcu.externaltools.gnu-tools-for-stm32.13.3.rel1.win32_1.0.0.202411081344/tools/bin/../lib/gcc/arm-none-eabi/13.3.1/thumb/v7e-m+fp/hard\libgcc.a(_aeabi_uldivmod.o)
 .ARM.attributes
                0x00000639       0x34 C:/ST/STM32CubeIDE_1.19.0/STM32CubeIDE/plugins/com.st.stm32cube.ide.mcu.externaltools.gnu-tools-for-stm32.13.3.rel1.win32_1.0.0.202411081344/tools/bin/../lib/gcc/arm-none-eabi/13.3.1/thumb/v7e-m+fp/hard\libgcc.a(_udivmoddi4.o)
 .ARM.attributes
                0x0000066d       0x22 C:/ST/STM32CubeIDE_1.19.0/STM32CubeIDE/plugins/com.st.stm32cube.ide.mcu.externaltools.gnu-tools-for-stm32.13.3.rel1.win32_1.0.0.202411081344/tools/bin/../lib/gcc/arm-none-eabi/13.3.1/thumb/v7e-m+fp/hard\libgcc.a(_dvmd_tls.o)
 .ARM.attributes
                0x0000068f       0x34 C:/ST/STM32CubeIDE_1.19.0/STM32CubeIDE/plugins/com.st.stm32cube.ide.mcu.externaltools.gnu-tools-for-stm32.13.3.rel1.win32_1.0.0.202411081344/tools/bin/../lib/gcc/arm-none-eabi/13.3.1/../../../../arm-none-eabi/lib/thumb/v7e-m+fp/hard\libc_nano.a(libc_a-findfp.o)
 .ARM.attributes
                0x000006c3       0x34 C:/ST/STM32CubeIDE_1.19.0/STM32CubeIDE/plugins/com.st.stm32cube.ide.mcu.externaltools.gnu-tools-for-stm32.13.3.rel1.win32_1.0.0.202411081344/tools/bin/../lib/gcc/arm-none-eabi/13.3.1/../../../../arm-none-eabi/lib/thumb/v7e-m+fp/hard\libc_nano.a(libc_a-fwalk.o)
 .ARM.attributes
                0x000006f7       0x34 C:/ST/STM32CubeIDE_1.19.0/STM32CubeIDE/plugins/com.st.stm32cube.ide.mcu.externaltools.gnu-tools-for-stm32.13.3.rel1.win32_1.0.0.202411081344/tools/bin/../lib/gcc/arm-none-eabi/13.3.1/../../../../arm-none-eabi/lib/thumb/v7e-m+fp/hard\libc_nano.a(libc_a-printf.o)
 .ARM.attributes
                0x0000072b       0x34 C:/ST/STM32CubeIDE_1.19.0/STM32CubeIDE/plugins/com.st.stm32cube.ide.mcu.externaltools.gnu-tools-for-stm32.13.3.rel1.win32_1.0.0.202411081344/tools/bin/../lib/gcc/arm-none-eabi/13.3.1/../../../../arm-none-eabi/lib/thumb/v7e-m+fp/hard\libc_nano.a(libc_a-stdio.o)
 .ARM.attributes
                0x0000075f       0x34 C:/ST/STM32CubeIDE_1.19.0/STM32CubeIDE/plugins/com.st.stm32cube.ide.mcu.externaltools.gnu-tools-for-stm32.13.3.rel1.win32_1.0.0.202411081344/tools/bin/../lib/gcc/arm-none-eabi/13.3.1/../../../../arm-none-eabi/lib/thumb/v7e-m+fp/hard\libc_nano.a(libc_a-memset.o)
 .ARM.attributes
                0x00000793       0x34 C:/ST/STM32CubeIDE_1.19.0/STM32CubeIDE/plugins/com.st.stm32cube.ide.mcu.externaltools.gnu-tools-for-stm32.13.3.rel1.win32_1.0.0.202411081344/tools/bin/../lib/gcc/arm-none-eabi/13.3.1/../../../../arm-none-eabi/lib/thumb/v7e-m+fp/hard\libc_nano.a(libc_a-closer.o)
 .ARM.attributes
                0x000007c7       0x34 C:/ST/STM32CubeIDE_1.19.0/STM32CubeIDE/plugins/com.st.stm32cube.ide.mcu.externaltools.gnu-tools-for-stm32.13.3.rel1.win32_1.0.0.202411081344/tools/bin/../lib/gcc/arm-none-eabi/13.3.1/../../../../arm-none-eabi/lib/thumb/v7e-m+fp/hard\libc_nano.a(libc_a-reent.o)
 .ARM.attributes
                0x000007fb       0x34 C:/ST/STM32CubeIDE_1.19.0/STM32CubeIDE/plugins/com.st.stm32cube.ide.mcu.externaltools.gnu-tools-for-stm32.13.3.rel1.win32_1.0.0.202411081344/tools/bin/../lib/gcc/arm-none-eabi/13.3.1/../../../../arm-none-eabi/lib/thumb/v7e-m+fp/hard\libc_nano.a(libc_a-impure.o)
 .ARM.attributes
                0x0000082f       0x34 C:/ST/STM32CubeIDE_1.19.0/STM32CubeIDE/plugins/com.st.stm32cube.ide.mcu.externaltools.gnu-tools-for-stm32.13.3.rel1.win32_1.0.0.202411081344/tools/bin/../lib/gcc/arm-none-eabi/13.3.1/../../../../arm-none-eabi/lib/thumb/v7e-m+fp/hard\libc_nano.a(libc_a-lseekr.o)
 .ARM.attributes
                0x00000863       0x34 C:/ST/STM32CubeIDE_1.19.0/STM32CubeIDE/plugins/com.st.stm32cube.ide.mcu.externaltools.gnu-tools-for-stm32.13.3.rel1.win32_1.0.0.202411081344/tools/bin/../lib/gcc/arm-none-eabi/13.3.1/../../../../arm-none-eabi/lib/thumb/v7e-m+fp/hard\libc_nano.a(libc_a-readr.o)
 .ARM.attributes
                0x00000897       0x34 C:/ST/STM32CubeIDE_1.19.0/STM32CubeIDE/plugins/com.st.stm32cube.ide.mcu.externaltools.gnu-tools-for-stm32.13.3.rel1.win32_1.0.0.202411081344/tools/bin/../lib/gcc/arm-none-eabi/13.3.1/../../../../arm-none-eabi/lib/thumb/v7e-m+fp/hard\libc_nano.a(libc_a-writer.o)
 .ARM.attributes
                0x000008cb       0x34 C:/ST/STM32CubeIDE_1.19.0/STM32CubeIDE/plugins/com.st.stm32cube.ide.mcu.externaltools.gnu-tools-for-stm32.13.3.rel1.win32_1.0.0.202411081344/tools/bin/../lib/gcc/arm-none-eabi/13.3.1/../../../../arm-none-eabi/lib/thumb/v7e-m+fp/hard\libc_nano.a(libc_a-errno.o)
 .ARM.attributes
                0x000008ff       0x34 C:/ST/STM32CubeIDE_1.19.0/STM32CubeIDE/plugins/com.st.stm32cube.ide.mcu.externaltools.gnu-tools-for-stm32.13.3.rel1.win32_1.0.0.202411081344/tools/bin/../lib/gcc/arm-none-eabi/13.3.1/../../../../arm-none-eabi/lib/thumb/v7e-m+fp/hard\libc_nano.a(libc_a-init.o)
 .ARM.attributes
                0x00000933       0x34 C:/ST/STM32CubeIDE_1.19.0/STM32CubeIDE/plugins/com.st.stm32cube.ide.mcu.externaltools.gnu-tools-for-stm32.13.3.rel1.win32_1.0.0.202411081344/tools/bin/../lib/gcc/arm-none-eabi/13.3.1/../../../../arm-none-eabi/lib/thumb/v7e-m+fp/hard\libc_nano.a(libc_a-lock.o)
 .ARM.attributes
                0x00000967       0x34 C:/ST/STM32CubeIDE_1.19.0/STM32CubeIDE/plugins/com.st.stm32cube.ide.mcu.externaltools.gnu-tools-for-stm32.13.3.rel1.win32_1.0.0.202411081344/tools/bin/../lib/gcc/arm-none-eabi/13.3.1/../../../../arm-none-eabi/lib/thumb/v7e-m+fp/hard\libc_nano.a(libc_a-freer.o)
 .ARM.attributes
                0x0000099b       0x34 C:/ST/STM32CubeIDE_1.19.0/STM32CubeIDE/plugins/com.st.stm32cube.ide.mcu.externaltools.gnu-tools-for-stm32.13.3.rel1.win32_1.0.0.202411081344/tools/bin/../lib/gcc/arm-none-eabi/13.3.1/../../../../arm-none-eabi/lib/thumb/v7e-m+fp/hard\libc_nano.a(libc_a-mallocr.o)
 .ARM.attributes
                0x000009cf       0x34 C:/ST/STM32CubeIDE_1.19.0/STM32CubeIDE/plugins/com.st.stm32cube.ide.mcu.externaltools.gnu-tools-for-stm32.13.3.rel1.win32_1.0.0.202411081344/tools/bin/../lib/gcc/arm-none-eabi/13.3.1/../../../../arm-none-eabi/lib/thumb/v7e-m+fp/hard\libc_nano.a(libc_a-mlock.o)
 .ARM.attributes
                0x00000a03       0x34 C:/ST/STM32CubeIDE_1.19.0/STM32CubeIDE/plugins/com.st.stm32cube.ide.mcu.externaltools.gnu-tools-for-stm32.13.3.rel1.win32_1.0.0.202411081344/tools/bin/../lib/gcc/arm-none-eabi/13.3.1/../../../../arm-none-eabi/lib/thumb/v7e-m+fp/hard\libc_nano.a(libc_a-nano-vfprintf.o)
 .ARM.attributes
                0x00000a37       0x34 C:/ST/STM32CubeIDE_1.19.0/STM32CubeIDE/plugins/com.st.stm32cube.ide.mcu.externaltools.gnu-tools-for-stm32.13.3.rel1.win32_1.0.0.202411081344/tools/bin/../lib/gcc/arm-none-eabi/13.3.1/../../../../arm-none-eabi/lib/thumb/v7e-m+fp/hard\libc_nano.a(libc_a-nano-vfprintf_i.o)
 .ARM.attributes
                0x00000a6b       0x34 C:/ST/STM32CubeIDE_1.19.0/STM32CubeIDE/plugins/com.st.stm32cube.ide.mcu.externaltools.gnu-tools-for-stm32.13.3.rel1.win32_1.0.0.202411081344/tools/bin/../lib/gcc/arm-none-eabi/13.3.1/../../../../arm-none-eabi/lib/thumb/v7e-m+fp/hard\libc_nano.a(libc_a-fflush.o)
 .ARM.attributes
                0x00000a9f       0x34 C:/ST/STM32CubeIDE_1.19.0/STM32CubeIDE/plugins/com.st.stm32cube.ide.mcu.externaltools.gnu-tools-for-stm32.13.3.rel1.win32_1.0.0.202411081344/tools/bin/../lib/gcc/arm-none-eabi/13.3.1/../../../../arm-none-eabi/lib/thumb/v7e-m+fp/hard\libc_nano.a(libc_a-wbuf.o)
 .ARM.attributes
                0x00000ad3       0x34 C:/ST/STM32CubeIDE_1.19.0/STM32CubeIDE/plugins/com.st.stm32cube.ide.mcu.externaltools.gnu-tools-for-stm32.13.3.rel1.win32_1.0.0.202411081344/tools/bin/../lib/gcc/arm-none-eabi/13.3.1/../../../../arm-none-eabi/lib/thumb/v7e-m+fp/hard\libc_nano.a(libc_a-wsetup.o)
 .ARM.attributes
                0x00000b07       0x34 C:/ST/STM32CubeIDE_1.19.0/STM32CubeIDE/plugins/com.st.stm32cube.ide.mcu.externaltools.gnu-tools-for-stm32.13.3.rel1.win32_1.0.0.202411081344/tools/bin/../lib/gcc/arm-none-eabi/13.3.1/../../../../arm-none-eabi/lib/thumb/v7e-m+fp/hard\libc_nano.a(libc_a-sbrkr.o)
 .ARM.attributes
                0x00000b3b       0x1c C:/ST/STM32CubeIDE_1.19.0/STM32CubeIDE/plugins/com.st.stm32cube.ide.mcu.externaltools.gnu-tools-for-stm32.13.3.rel1.win32_1.0.0.202411081344/tools/bin/../lib/gcc/arm-none-eabi/13.3.1/../../../../arm-none-eabi/lib/thumb/v7e-m+fp/hard\libc_nano.a(libc_a-memchr.o)
 .ARM.attributes
                0x00000b57       0x34 C:/ST/STM32CubeIDE_1.19.0/STM32CubeIDE/plugins/com.st.stm32cube.ide.mcu.externaltools.gnu-tools-for-stm32.13.3.rel1.win32_1.0.0.202411081344/tools/bin/../lib/gcc/arm-none-eabi/13.3.1/../../../../arm-none-eabi/lib/thumb/v7e-m+fp/hard\libc_nano.a(libc_a-makebuf.o)
 .ARM.attributes
                0x00000b8b       0x34 C:/ST/STM32CubeIDE_1.19.0/STM32CubeIDE/plugins/com.st.stm32cube.ide.mcu.externaltools.gnu-tools-for-stm32.13.3.rel1.win32_1.0.0.202411081344/tools/bin/../lib/gcc/arm-none-eabi/13.3.1/../../../../arm-none-eabi/lib/thumb/v7e-m+fp/hard\libc_nano.a(libc_a-fstatr.o)
 .ARM.attributes
                0x00000bbf       0x34 C:/ST/STM32CubeIDE_1.19.0/STM32CubeIDE/plugins/com.st.stm32cube.ide.mcu.externaltools.gnu-tools-for-stm32.13.3.rel1.win32_1.0.0.202411081344/tools/bin/../lib/gcc/arm-none-eabi/13.3.1/../../../../arm-none-eabi/lib/thumb/v7e-m+fp/hard\libc_nano.a(libc_a-isattyr.o)
 .ARM.attributes
                0x00000bf3       0x22 C:/ST/STM32CubeIDE_1.19.0/STM32CubeIDE/plugins/com.st.stm32cube.ide.mcu.externaltools.gnu-tools-for-stm32.13.3.rel1.win32_1.0.0.202411081344/tools/bin/../lib/gcc/arm-none-eabi/13.3.1/thumb/v7e-m+fp/hard/crtn.o
OUTPUT(DSP2025.elf elf32-littlearm)
LOAD linker stubs
LOAD C:/ST/STM32CubeIDE_1.19.0/STM32CubeIDE/plugins/com.st.stm32cube.ide.mcu.externaltools.gnu-tools-for-stm32.13.3.rel1.win32_1.0.0.202411081344/tools/bin/../lib/gcc/arm-none-eabi/13.3.1/../../../../arm-none-eabi/lib/thumb/v7e-m+fp/hard\libc.a
LOAD C:/ST/STM32CubeIDE_1.19.0/STM32CubeIDE/plugins/com.st.stm32cube.ide.mcu.externaltools.gnu-tools-for-stm32.13.3.rel1.win32_1.0.0.202411081344/tools/bin/../lib/gcc/arm-none-eabi/13.3.1/../../../../arm-none-eabi/lib/thumb/v7e-m+fp/hard\libm.a
LOAD C:/ST/STM32CubeIDE_1.19.0/STM32CubeIDE/plugins/com.st.stm32cube.ide.mcu.externaltools.gnu-tools-for-stm32.13.3.rel1.win32_1.0.0.202411081344/tools/bin/../lib/gcc/arm-none-eabi/13.3.1/thumb/v7e-m+fp/hard\libgcc.a

.debug_info     0x00000000    0x12adb
 .debug_info    0x00000000       0xc3 ./Core/Src/arm_fir_data.o
 .debug_info    0x000000c3       0xb5 ./Core/Src/clap_data.o
 .debug_info    0x00000178     0x2000 ./Core/Src/main.o
 .debug_info    0x00002178      0x663 ./Core/Src/math_helper.o
 .debug_info    0x000027db     0x1503 ./Core/Src/stm32f4xx_hal_msp.o
 .debug_info    0x00003cde      0xc36 ./Core/Src/stm32f4xx_hal_timebase_tim.o
 .debug_info    0x00004914      0x738 ./Core/Src/stm32f4xx_it.o
 .debug_info    0x0000504c      0x6a3 ./Core/Src/syscalls.o
 .debug_info    0x000056ef      0x168 ./Core/Src/sysmem.o
 .debug_info    0x00005857      0x513 ./Core/Src/system_stm32f4xx.o
 .debug_info    0x00005d6a       0x30 ./Core/Startup/startup_stm32f446retx.o
 .debug_info    0x00005d9a      0x969 ./Drivers/STM32F4xx_HAL_Driver/Src/stm32f4xx_hal.o
 .debug_info    0x00006703      0xce3 ./Drivers/STM32F4xx_HAL_Driver/Src/stm32f4xx_hal_adc.o
 .debug_info    0x000073e6      0xdce ./Drivers/STM32F4xx_HAL_Driver/Src/stm32f4xx_hal_cortex.o
 .debug_info    0x000081b4      0xa01 ./Drivers/STM32F4xx_HAL_Driver/Src/stm32f4xx_hal_dac.o
 .debug_info    0x00008bb5      0x750 ./Drivers/STM32F4xx_HAL_Driver/Src/stm32f4xx_hal_dac_ex.o
 .debug_info    0x00009305      0x8e7 ./Drivers/STM32F4xx_HAL_Driver/Src/stm32f4xx_hal_dma.o
 .debug_info    0x00009bec      0x70b ./Drivers/STM32F4xx_HAL_Driver/Src/stm32f4xx_hal_gpio.o
 .debug_info    0x0000a2f7      0x8ff ./Drivers/STM32F4xx_HAL_Driver/Src/stm32f4xx_hal_rcc.o
 .debug_info    0x0000abf6      0x960 ./Drivers/STM32F4xx_HAL_Driver/Src/stm32f4xx_hal_rcc_ex.o
 .debug_info    0x0000b556     0x299d ./Drivers/STM32F4xx_HAL_Driver/Src/stm32f4xx_hal_tim.o
 .debug_info    0x0000def3     0x14db ./Drivers/STM32F4xx_HAL_Driver/Src/stm32f4xx_hal_tim_ex.o
 .debug_info    0x0000f3ce     0x2f4f ./Drivers/STM32F4xx_HAL_Driver/Src/stm32f4xx_hal_uart.o
 .debug_info    0x0001231d      0x129 C:\Users\TRETEC\STM32CubeIDE\workspace_1.19.0\DSP2025\Drivers\CMSIS\Lib\GCC\libarm_cortexM4lf_math.a(arm_power_f32.o)
 .debug_info    0x00012446      0x1b9 C:\Users\TRETEC\STM32CubeIDE\workspace_1.19.0\DSP2025\Drivers\CMSIS\Lib\GCC\libarm_cortexM4lf_math.a(arm_fir_init_f32.o)
 .debug_info    0x000125ff      0x384 C:\Users\TRETEC\STM32CubeIDE\workspace_1.19.0\DSP2025\Drivers\CMSIS\Lib\GCC\libarm_cortexM4lf_math.a(arm_fir_f32.o)
 .debug_info    0x00012983      0x158 C:\Users\TRETEC\STM32CubeIDE\workspace_1.19.0\DSP2025\Drivers\CMSIS\Lib\GCC\libarm_cortexM4lf_math.a(arm_offset_f32.o)

.debug_abbrev   0x00000000     0x2f19
 .debug_abbrev  0x00000000       0x5e ./Core/Src/arm_fir_data.o
 .debug_abbrev  0x0000005e       0x5c ./Core/Src/clap_data.o
 .debug_abbrev  0x000000ba      0x3cc ./Core/Src/main.o
 .debug_abbrev  0x00000486      0x1bc ./Core/Src/math_helper.o
 .debug_abbrev  0x00000642      0x260 ./Core/Src/stm32f4xx_hal_msp.o
 .debug_abbrev  0x000008a2      0x1f4 ./Core/Src/stm32f4xx_hal_timebase_tim.o
 .debug_abbrev  0x00000a96      0x181 ./Core/Src/stm32f4xx_it.o
 .debug_abbrev  0x00000c17      0x1b6 ./Core/Src/syscalls.o
 .debug_abbrev  0x00000dcd       0xbc ./Core/Src/sysmem.o
 .debug_abbrev  0x00000e89      0x11c ./Core/Src/system_stm32f4xx.o
 .debug_abbrev  0x00000fa5       0x24 ./Core/Startup/startup_stm32f446retx.o
 .debug_abbrev  0x00000fc9      0x216 ./Drivers/STM32F4xx_HAL_Driver/Src/stm32f4xx_hal.o
 .debug_abbrev  0x000011df      0x252 ./Drivers/STM32F4xx_HAL_Driver/Src/stm32f4xx_hal_adc.o
 .debug_abbrev  0x00001431      0x300 ./Drivers/STM32F4xx_HAL_Driver/Src/stm32f4xx_hal_cortex.o
 .debug_abbrev  0x00001731      0x1fa ./Drivers/STM32F4xx_HAL_Driver/Src/stm32f4xx_hal_dac.o
 .debug_abbrev  0x0000192b      0x1ef ./Drivers/STM32F4xx_HAL_Driver/Src/stm32f4xx_hal_dac_ex.o
 .debug_abbrev  0x00001b1a      0x264 ./Drivers/STM32F4xx_HAL_Driver/Src/stm32f4xx_hal_dma.o
 .debug_abbrev  0x00001d7e      0x1d4 ./Drivers/STM32F4xx_HAL_Driver/Src/stm32f4xx_hal_gpio.o
 .debug_abbrev  0x00001f52      0x2b7 ./Drivers/STM32F4xx_HAL_Driver/Src/stm32f4xx_hal_rcc.o
 .debug_abbrev  0x00002209      0x211 ./Drivers/STM32F4xx_HAL_Driver/Src/stm32f4xx_hal_rcc_ex.o
 .debug_abbrev  0x0000241a      0x278 ./Drivers/STM32F4xx_HAL_Driver/Src/stm32f4xx_hal_tim.o
 .debug_abbrev  0x00002692      0x283 ./Drivers/STM32F4xx_HAL_Driver/Src/stm32f4xx_hal_tim_ex.o
 .debug_abbrev  0x00002915      0x30e ./Drivers/STM32F4xx_HAL_Driver/Src/stm32f4xx_hal_uart.o
 .debug_abbrev  0x00002c23       0xa3 C:\Users\TRETEC\STM32CubeIDE\workspace_1.19.0\DSP2025\Drivers\CMSIS\Lib\GCC\libarm_cortexM4lf_math.a(arm_power_f32.o)
 .debug_abbrev  0x00002cc6       0xe8 C:\Users\TRETEC\STM32CubeIDE\workspace_1.19.0\DSP2025\Drivers\CMSIS\Lib\GCC\libarm_cortexM4lf_math.a(arm_fir_init_f32.o)
 .debug_abbrev  0x00002dae       0xc8 C:\Users\TRETEC\STM32CubeIDE\workspace_1.19.0\DSP2025\Drivers\CMSIS\Lib\GCC\libarm_cortexM4lf_math.a(arm_fir_f32.o)
 .debug_abbrev  0x00002e76       0xa3 C:\Users\TRETEC\STM32CubeIDE\workspace_1.19.0\DSP2025\Drivers\CMSIS\Lib\GCC\libarm_cortexM4lf_math.a(arm_offset_f32.o)

.debug_aranges  0x00000000     0x1158
 .debug_aranges
                0x00000000       0x18 ./Core/Src/arm_fir_data.o
 .debug_aranges
                0x00000018       0x18 ./Core/Src/clap_data.o
 .debug_aranges
                0x00000030       0x80 ./Core/Src/main.o
 .debug_aranges
                0x000000b0       0x90 ./Core/Src/math_helper.o
 .debug_aranges
                0x00000140       0x60 ./Core/Src/stm32f4xx_hal_msp.o
 .debug_aranges
                0x000001a0       0x30 ./Core/Src/stm32f4xx_hal_timebase_tim.o
 .debug_aranges
                0x000001d0       0x80 ./Core/Src/stm32f4xx_it.o
 .debug_aranges
                0x00000250       0xa8 ./Core/Src/syscalls.o
 .debug_aranges
                0x000002f8       0x20 ./Core/Src/sysmem.o
 .debug_aranges
                0x00000318       0x28 ./Core/Src/system_stm32f4xx.o
 .debug_aranges
                0x00000340       0x28 ./Core/Startup/startup_stm32f446retx.o
 .debug_aranges
                0x00000368       0xf0 ./Drivers/STM32F4xx_HAL_Driver/Src/stm32f4xx_hal.o
 .debug_aranges
                0x00000458       0xe8 ./Drivers/STM32F4xx_HAL_Driver/Src/stm32f4xx_hal_adc.o
 .debug_aranges
                0x00000540      0x130 ./Drivers/STM32F4xx_HAL_Driver/Src/stm32f4xx_hal_cortex.o
 .debug_aranges
                0x00000670       0xc0 ./Drivers/STM32F4xx_HAL_Driver/Src/stm32f4xx_hal_dac.o
 .debug_aranges
                0x00000730       0x80 ./Drivers/STM32F4xx_HAL_Driver/Src/stm32f4xx_hal_dac_ex.o
 .debug_aranges
                0x000007b0       0x90 ./Drivers/STM32F4xx_HAL_Driver/Src/stm32f4xx_hal_dma.o
 .debug_aranges
                0x00000840       0x58 ./Drivers/STM32F4xx_HAL_Driver/Src/stm32f4xx_hal_gpio.o
 .debug_aranges
                0x00000898       0x88 ./Drivers/STM32F4xx_HAL_Driver/Src/stm32f4xx_hal_rcc.o
 .debug_aranges
                0x00000920       0x78 ./Drivers/STM32F4xx_HAL_Driver/Src/stm32f4xx_hal_rcc_ex.o
 .debug_aranges
                0x00000998      0x3d0 ./Drivers/STM32F4xx_HAL_Driver/Src/stm32f4xx_hal_tim.o
 .debug_aranges
                0x00000d68      0x168 ./Drivers/STM32F4xx_HAL_Driver/Src/stm32f4xx_hal_tim_ex.o
 .debug_aranges
                0x00000ed0      0x208 ./Drivers/STM32F4xx_HAL_Driver/Src/stm32f4xx_hal_uart.o
 .debug_aranges
                0x000010d8       0x20 C:\Users\TRETEC\STM32CubeIDE\workspace_1.19.0\DSP2025\Drivers\CMSIS\Lib\GCC\libarm_cortexM4lf_math.a(arm_power_f32.o)
 .debug_aranges
                0x000010f8       0x20 C:\Users\TRETEC\STM32CubeIDE\workspace_1.19.0\DSP2025\Drivers\CMSIS\Lib\GCC\libarm_cortexM4lf_math.a(arm_fir_init_f32.o)
 .debug_aranges
                0x00001118       0x20 C:\Users\TRETEC\STM32CubeIDE\workspace_1.19.0\DSP2025\Drivers\CMSIS\Lib\GCC\libarm_cortexM4lf_math.a(arm_fir_f32.o)
 .debug_aranges
                0x00001138       0x20 C:\Users\TRETEC\STM32CubeIDE\workspace_1.19.0\DSP2025\Drivers\CMSIS\Lib\GCC\libarm_cortexM4lf_math.a(arm_offset_f32.o)

.debug_macro    0x00000000    0x24cce
 .debug_macro   0x00000000      0x18a ./Core/Src/arm_fir_data.o
 .debug_macro   0x0000018a      0xae4 ./Core/Src/arm_fir_data.o
 .debug_macro   0x00000c6e       0x12 ./Core/Src/arm_fir_data.o
 .debug_macro   0x00000c80       0x3b ./Core/Src/arm_fir_data.o
 .debug_macro   0x00000cbb       0x22 ./Core/Src/arm_fir_data.o
 .debug_macro   0x00000cdd       0x8e ./Core/Src/arm_fir_data.o
 .debug_macro   0x00000d6b       0x51 ./Core/Src/arm_fir_data.o
 .debug_macro   0x00000dbc      0x103 ./Core/Src/arm_fir_data.o
 .debug_macro   0x00000ebf       0x6a ./Core/Src/arm_fir_data.o
 .debug_macro   0x00000f29      0x1df ./Core/Src/arm_fir_data.o
 .debug_macro   0x00001108       0x34 ./Core/Src/arm_fir_data.o
 .debug_macro   0x0000113c       0x26 ./Core/Src/arm_fir_data.o
 .debug_macro   0x00001162       0x61 ./Core/Src/arm_fir_data.o
 .debug_macro   0x000011c3       0x2a ./Core/Src/arm_fir_data.o
 .debug_macro   0x000011ed       0x43 ./Core/Src/arm_fir_data.o
 .debug_macro   0x00001230       0x34 ./Core/Src/arm_fir_data.o
 .debug_macro   0x00001264      0x190 ./Core/Src/arm_fir_data.o
 .debug_macro   0x000013f4      0x370 ./Core/Src/arm_fir_data.o
 .debug_macro   0x00001764       0x16 ./Core/Src/arm_fir_data.o
 .debug_macro   0x0000177a       0x4a ./Core/Src/arm_fir_data.o
 .debug_macro   0x000017c4       0x34 ./Core/Src/arm_fir_data.o
 .debug_macro   0x000017f8       0x10 ./Core/Src/arm_fir_data.o
 .debug_macro   0x00001808       0x58 ./Core/Src/arm_fir_data.o
 .debug_macro   0x00001860       0x8e ./Core/Src/arm_fir_data.o
 .debug_macro   0x000018ee       0x1c ./Core/Src/arm_fir_data.o
 .debug_macro   0x0000190a      0x185 ./Core/Src/arm_fir_data.o
 .debug_macro   0x00001a8f       0x10 ./Core/Src/arm_fir_data.o
 .debug_macro   0x00001a9f       0x3c ./Core/Src/arm_fir_data.o
 .debug_macro   0x00001adb       0x20 ./Core/Src/arm_fir_data.o
 .debug_macro   0x00001afb      0x19b ./Core/Src/arm_fir_data.o
 .debug_macro   0x00001c96       0xd6 ./Core/Src/arm_fir_data.o
 .debug_macro   0x00001d6c      0x18a ./Core/Src/clap_data.o
 .debug_macro   0x00001ef6      0x324 ./Core/Src/main.o
 .debug_macro   0x0000221a      0x2a7 ./Core/Src/main.o
 .debug_macro   0x000024c1       0x2e ./Core/Src/main.o
 .debug_macro   0x000024ef       0x28 ./Core/Src/main.o
 .debug_macro   0x00002517      0xe43 ./Core/Src/main.o
 .debug_macro   0x0000335a    0x1675e ./Core/Src/main.o
 .debug_macro   0x00019ab8       0x6d ./Core/Src/main.o
 .debug_macro   0x00019b25     0x3693 ./Core/Src/main.o
 .debug_macro   0x0001d1b8       0x5c ./Core/Src/main.o
 .debug_macro   0x0001d214      0xca5 ./Core/Src/main.o
 .debug_macro   0x0001deb9      0x9e9 ./Core/Src/main.o
 .debug_macro   0x0001e8a2      0x115 ./Core/Src/main.o
 .debug_macro   0x0001e9b7      0x1a0 ./Core/Src/main.o
 .debug_macro   0x0001eb57       0xa5 ./Core/Src/main.o
 .debug_macro   0x0001ebfc      0x16d ./Core/Src/main.o
 .debug_macro   0x0001ed69      0x287 ./Core/Src/main.o
 .debug_macro   0x0001eff0       0x5f ./Core/Src/main.o
 .debug_macro   0x0001f04f      0x236 ./Core/Src/main.o
 .debug_macro   0x0001f285      0xb5b ./Core/Src/main.o
 .debug_macro   0x0001fde0      0x38b ./Core/Src/main.o
 .debug_macro   0x0002016b      0x17d ./Core/Src/main.o
 .debug_macro   0x000202e8       0xf9 ./Core/Src/main.o
 .debug_macro   0x000203e1      0x122 ./Core/Src/main.o
 .debug_macro   0x00020503       0xa6 ./Core/Src/main.o
 .debug_macro   0x000205a9      0x132 ./Core/Src/main.o
 .debug_macro   0x000206db      0x29c ./Core/Src/main.o
 .debug_macro   0x00020977       0x2e ./Core/Src/main.o
 .debug_macro   0x000209a5      0x127 ./Core/Src/main.o
 .debug_macro   0x00020acc       0xe8 ./Core/Src/main.o
 .debug_macro   0x00020bb4       0x89 ./Core/Src/main.o
 .debug_macro   0x00020c3d      0x8ed ./Core/Src/main.o
 .debug_macro   0x0002152a       0x53 ./Core/Src/main.o
 .debug_macro   0x0002157d      0x2aa ./Core/Src/main.o
 .debug_macro   0x00021827      0x126 ./Core/Src/main.o
 .debug_macro   0x0002194d       0x58 ./Core/Src/main.o
 .debug_macro   0x000219a5      0x187 ./Core/Src/math_helper.o
 .debug_macro   0x00021b2c       0x5b ./Core/Src/math_helper.o
 .debug_macro   0x00021b87       0x94 ./Core/Src/math_helper.o
 .debug_macro   0x00021c1b       0x57 ./Core/Src/math_helper.o
 .debug_macro   0x00021c72       0x16 ./Core/Src/math_helper.o
 .debug_macro   0x00021c88      0x205 ./Core/Src/stm32f4xx_hal_msp.o
 .debug_macro   0x00021e8d      0x1f6 ./Core/Src/stm32f4xx_hal_timebase_tim.o
 .debug_macro   0x00022083      0x20f ./Core/Src/stm32f4xx_it.o
 .debug_macro   0x00022292      0x274 ./Core/Src/syscalls.o
 .debug_macro   0x00022506       0x10 ./Core/Src/syscalls.o
 .debug_macro   0x00022516       0x10 ./Core/Src/syscalls.o