../Drivers/CMSIS/DSP/Include/core_cm4.h:1800:26:ITM_SendChar	16	static,ignoring_inline_asm
../Core/Src/main.c:111:5:_write	32	static
../Core/Src/main.c:125:5:main	48	static
../Core/Src/main.c:286:6:SystemClock_Config	88	static
../Core/Src/main.c:334:13:MX_ADC1_Init	24	static
../Core/Src/main.c:386:13:MX_DAC_Init	16	static
../Core/Src/main.c:426:13:MX_TIM7_Init	16	static
../Core/Src/main.c:464:13:MX_USART2_UART_Init	8	static
../Core/Src/main.c:495:13:MX_DMA_Init	16	static
../Core/Src/main.c:517:13:MX_GPIO_Init	48	static
../Core/Src/main.c:553:6:HAL_ADC_ConvCpltCallback	16	static
../Core/Src/main.c:566:6:HAL_TIM_PeriodElapsedCallback	16	static
../Core/Src/main.c:588:6:Error_Handler	4	static,ignoring_inline_asm
