../Drivers/CMSIS/DSP/Include/core_cm4.h:1800:26:ITM_SendChar	16	static,ignoring_inline_asm
../Core/Src/main.c:96:5:_write	32	static
../Core/Src/main.c:110:5:main	48	static
../Core/Src/main.c:245:6:SystemClock_Config	88	static
../Core/Src/main.c:293:13:MX_DAC_Init	16	static
../Core/Src/main.c:333:13:MX_TIM7_Init	16	static
../Core/Src/main.c:371:13:MX_USART2_UART_Init	8	static
../Core/Src/main.c:402:13:MX_DMA_Init	16	static
../Core/Src/main.c:420:13:MX_GPIO_Init	48	static
../Core/Src/main.c:466:6:HAL_TIM_PeriodElapsedCallback	16	static
../Core/Src/main.c:488:6:Error_Handler	4	static,ignoring_inline_asm
